Archive member included because of file (symbol)

c:/nxp/lpcxpresso_7.3.0_186/lpcxpresso/tools/bin/../lib/gcc/arm-none-eabi/4.8.4/../../../../arm-none-eabi/lib/armv7-m\libcr_semihost.a(_cr__main.o)
                              ./src/cr_startup_lpc175x_6x.o (__main)
c:/nxp/lpcxpresso_7.3.0_186/lpcxpresso/tools/bin/../lib/gcc/arm-none-eabi/4.8.4/../../../../arm-none-eabi/lib/armv7-m\libcr_c.a(alloc.o)
                              ./src/somGenerator.o (malloc)
c:/nxp/lpcxpresso_7.3.0_186/lpcxpresso/tools/bin/../lib/gcc/arm-none-eabi/4.8.4/../../../../arm-none-eabi/lib/armv7-m\libcr_c.a(cr_time.o)
                              ./src/somGenerator.o (time)
c:/nxp/lpcxpresso_7.3.0_186/lpcxpresso/tools/bin/../lib/gcc/arm-none-eabi/4.8.4/../../../../arm-none-eabi/lib/armv7-m\libcr_c.a(fpprintf.o)
                              ./src/somGenerator.o (sprintf)
c:/nxp/lpcxpresso_7.3.0_186/lpcxpresso/tools/bin/../lib/gcc/arm-none-eabi/4.8.4/../../../../arm-none-eabi/lib/armv7-m\libcr_c.a(initio.o)
                              c:/nxp/lpcxpresso_7.3.0_186/lpcxpresso/tools/bin/../lib/gcc/arm-none-eabi/4.8.4/../../../../arm-none-eabi/lib/armv7-m\libcr_semihost.a(_cr__main.o) (_initio)
c:/nxp/lpcxpresso_7.3.0_186/lpcxpresso/tools/bin/../lib/gcc/arm-none-eabi/4.8.4/../../../../arm-none-eabi/lib/armv7-m\libcr_c.a(printf.o)
                              c:/nxp/lpcxpresso_7.3.0_186/lpcxpresso/tools/bin/../lib/gcc/arm-none-eabi/4.8.4/../../../../arm-none-eabi/lib/armv7-m\libcr_c.a(fpprintf.o) (__vfprintf)
c:/nxp/lpcxpresso_7.3.0_186/lpcxpresso/tools/bin/../lib/gcc/arm-none-eabi/4.8.4/../../../../arm-none-eabi/lib/armv7-m\libcr_c.a(setvbuf.o)
                              c:/nxp/lpcxpresso_7.3.0_186/lpcxpresso/tools/bin/../lib/gcc/arm-none-eabi/4.8.4/../../../../arm-none-eabi/lib/armv7-m\libcr_c.a(initio.o) (setvbuf)
c:/nxp/lpcxpresso_7.3.0_186/lpcxpresso/tools/bin/../lib/gcc/arm-none-eabi/4.8.4/../../../../arm-none-eabi/lib/armv7-m\libcr_c.a(stdio.o)
                              c:/nxp/lpcxpresso_7.3.0_186/lpcxpresso/tools/bin/../lib/gcc/arm-none-eabi/4.8.4/../../../../arm-none-eabi/lib/armv7-m\libcr_c.a(fpprintf.o) (__Ciob)
c:/nxp/lpcxpresso_7.3.0_186/lpcxpresso/tools/bin/../lib/gcc/arm-none-eabi/4.8.4/../../../../arm-none-eabi/lib/armv7-m\libcr_c.a(stdlib.o)
                              ./src/somGenerator.o (rand)
c:/nxp/lpcxpresso_7.3.0_186/lpcxpresso/tools/bin/../lib/gcc/arm-none-eabi/4.8.4/../../../../arm-none-eabi/lib/armv7-m\libcr_c.a(strlen.o)
                              c:/nxp/lpcxpresso_7.3.0_186/lpcxpresso/tools/bin/../lib/gcc/arm-none-eabi/4.8.4/../../../../arm-none-eabi/lib/armv7-m\libcr_c.a(printf.o) (strlen)
c:/nxp/lpcxpresso_7.3.0_186/lpcxpresso/tools/bin/../lib/gcc/arm-none-eabi/4.8.4/../../../../arm-none-eabi/lib/armv7-m\libcr_c.a(strncpy.o)
                              ./src/somGenerator.o (strncpy)
c:/nxp/lpcxpresso_7.3.0_186/lpcxpresso/tools/bin/../lib/gcc/arm-none-eabi/4.8.4/../../../../arm-none-eabi/lib/armv7-m\libcr_c.a(memcpy.o)
                              c:/nxp/lpcxpresso_7.3.0_186/lpcxpresso/tools/bin/../lib/gcc/arm-none-eabi/4.8.4/../../../../arm-none-eabi/lib/armv7-m\libcr_c.a(alloc.o) (memcpy)
c:/nxp/lpcxpresso_7.3.0_186/lpcxpresso/tools/bin/../lib/gcc/arm-none-eabi/4.8.4/../../../../arm-none-eabi/lib/armv7-m\libcr_c.a(memset.o)
                              c:/nxp/lpcxpresso_7.3.0_186/lpcxpresso/tools/bin/../lib/gcc/arm-none-eabi/4.8.4/../../../../arm-none-eabi/lib/armv7-m\libcr_c.a(alloc.o) (memset)
c:/nxp/lpcxpresso_7.3.0_186/lpcxpresso/tools/bin/../lib/gcc/arm-none-eabi/4.8.4/../../../../arm-none-eabi/lib/armv7-m\libcr_c.a(__fillbuf.o)
                              c:/nxp/lpcxpresso_7.3.0_186/lpcxpresso/tools/bin/../lib/gcc/arm-none-eabi/4.8.4/../../../../arm-none-eabi/lib/armv7-m\libcr_c.a(stdio.o) (__filbuf)
c:/nxp/lpcxpresso_7.3.0_186/lpcxpresso/tools/bin/../lib/gcc/arm-none-eabi/4.8.4/../../../../arm-none-eabi/lib/armv7-m\libcr_c.a(__init_alloc.o)
                              c:/nxp/lpcxpresso_7.3.0_186/lpcxpresso/tools/bin/../lib/gcc/arm-none-eabi/4.8.4/../../../../arm-none-eabi/lib/armv7-m\libcr_c.a(alloc.o) (__heaps)
c:/nxp/lpcxpresso_7.3.0_186/lpcxpresso/tools/bin/../lib/gcc/arm-none-eabi/4.8.4/../../../../arm-none-eabi/lib/armv7-m\libcr_c.a(_cr_sbrk.o)
                              c:/nxp/lpcxpresso_7.3.0_186/lpcxpresso/tools/bin/../lib/gcc/arm-none-eabi/4.8.4/../../../../arm-none-eabi/lib/armv7-m\libcr_c.a(alloc.o) (_sbrk)
c:/nxp/lpcxpresso_7.3.0_186/lpcxpresso/tools/bin/../lib/gcc/arm-none-eabi/4.8.4/../../../../arm-none-eabi/lib/armv7-m\libcr_c.a(_deferredlazyseek.o)
                              c:/nxp/lpcxpresso_7.3.0_186/lpcxpresso/tools/bin/../lib/gcc/arm-none-eabi/4.8.4/../../../../arm-none-eabi/lib/armv7-m\libcr_c.a(__fillbuf.o) (_deferredlazyseek)
c:/nxp/lpcxpresso_7.3.0_186/lpcxpresso/tools/bin/../lib/gcc/arm-none-eabi/4.8.4/../../../../arm-none-eabi/lib/armv7-m\libcr_c.a(_fdopen.o)
[...]
Memory Configuration

Name             Origin             Length             Attributes
MFlash512        0x00000000         0x00080000         xr
RamLoc32         0x10000000         0x00008000         xrw
RamAHB32         0x2007c000         0x00008000         xrw
*default*        0x00000000         0xffffffff

Linker script and memory map

LOAD ./src/Project_Microcontroller_MT.o
LOAD ./src/cr_startup_lpc175x_6x.o
LOAD ./src/crp.o
LOAD ./src/display.o
LOAD ./src/somGenerator.o
START GROUP
LOAD c:/nxp/lpcxpresso_7.3.0_186/lpcxpresso/tools/bin/../lib/gcc/arm-none-eabi/4.8.4/../../../../arm-none-eabi/lib/armv7-m\libcr_semihost.a
LOAD c:/nxp/lpcxpresso_7.3.0_186/lpcxpresso/tools/bin/../lib/gcc/arm-none-eabi/4.8.4/../../../../arm-none-eabi/lib/armv7-m\libcr_c.a
LOAD c:/nxp/lpcxpresso_7.3.0_186/lpcxpresso/tools/bin/../lib/gcc/arm-none-eabi/4.8.4/armv7-m\libcr_eabihelpers.a
END GROUP
                0x00080000                __top_MFlash512 = 0x80000
                0x10008000                __top_RamLoc32 = 0x10008000
                0x20084000                __top_RamAHB32 = 0x20084000

.text           0x00000000     0x2f68
 FILL mask 0xff
                0x00000000                __vectors_start__ = ABSOLUTE (.)
 *(.isr_vector)
 .isr_vector    0x00000000       0xcc ./src/cr_startup_lpc175x_6x.o
                0x00000000                g_pfnVectors
                0x000000cc                . = ALIGN (0x4)
                0x000000cc                __section_table_start = .
                0x000000cc                __data_section_table = .
                0x000000cc        0x4 LONG 0x2f68 LOADADDR (.data)
                0x000000d0        0x4 LONG 0x10000000 ADDR (.data)
                0x000000d4        0x4 LONG 0x6e8 SIZEOF (.data)
                0x000000d8        0x4 LONG 0x2f68 LOADADDR (.data_RAM2)
                0x000000dc        0x4 LONG 0x2007c000 ADDR (.data_RAM2)
                0x000000e0        0x4 LONG 0x0 SIZEOF (.data_RAM2)
                0x000000e4                __data_section_table_end = .
                0x000000e4                __bss_section_table = .
                0x000000e4        0x4 LONG 0x100006e8 ADDR (.bss)
                0x000000e8        0x4 LONG 0x150 SIZEOF (.bss)
                0x000000ec        0x4 LONG 0x2007c000 ADDR (.bss_RAM2)
                0x000000f0        0x4 LONG 0x0 SIZEOF (.bss_RAM2)
                0x000000f4                __bss_section_table_end = .
                0x000000f4                __section_table_end = .
 *(.after_vectors*)
 .after_vectors
                0x000000f4       0xa0 ./src/cr_startup_lpc175x_6x.o
                0x000000f4                NMI_Handler
                0x000000f8                HardFault_Handler
                0x000000fc                MemManage_Handler
                0x00000100                BusFault_Handler
                0x00000104                UsageFault_Handler
                0x00000108                SVC_Handler
                0x0000010c                DebugMon_Handler
                0x00000110                PendSV_Handler
                0x00000114                SysTick_Handler
                0x00000118                PWM1_IRQHandler
                0x00000118                I2C1_IRQHandler
                0x00000118                EINT2_IRQHandler
                0x00000118                UART1_IRQHandler
                0x00000118                EINT3_IRQHandler
                0x00000118                CANActivity_IRQHandler
                0x00000118                TIMER3_IRQHandler
                0x00000118                UART0_IRQHandler
                0x00000118                MCPWM_IRQHandler
                0x00000118                I2C0_IRQHandler
                0x00000118                IntDefaultHandler
                0x00000118                RIT_IRQHandler
                0x00000118                CAN_IRQHandler
                0x00000118                PLL1_IRQHandler
                0x00000118                SSP0_IRQHandler
                0x00000118                I2S_IRQHandler
                0x00000118                I2C2_IRQHandler
                0x00000118                RTC_IRQHandler
                0x00000118                TIMER0_IRQHandler
                0x00000118                SPI_IRQHandler
                0x00000118                UART3_IRQHandler
                0x00000118                EINT1_IRQHandler
                0x00000118                TIMER1_IRQHandler
                0x00000118                UART2_IRQHandler
                0x00000118                ADC_IRQHandler
                0x00000118                SSP1_IRQHandler
                0x00000118                USB_IRQHandler
                0x00000118                BOD_IRQHandler
                0x00000118                USBActivity_IRQHandler
                0x00000118                WDT_IRQHandler
                0x00000118                PLL0_IRQHandler
                0x00000118                QEI_IRQHandler
                0x00000118                EINT0_IRQHandler
                0x00000118                TIMER2_IRQHandler
                0x00000118                DMA_IRQHandler
                0x00000118                ENET_IRQHandler
                0x0000011c                data_init
                0x00000138                bss_init
                0x0000014c                ResetISR
 *(.text*)
 .text.main     0x00000194       0x1c ./src/Project_Microcontroller_MT.o
                0x00000194                main
 .text.sleep    0x000001b0       0x14 ./src/display.o
                0x000001b0                sleep
 .text.setPin   0x000001c4       0x20 ./src/display.o
                0x000001c4                setPin
 .text.init     0x000001e4       0x44 ./src/display.o
                0x000001e4                init
 .text.printRow
                0x00000228       0x88 ./src/display.o
                0x00000228                printRow
 .text.fillRow  0x000002b0       0x8c ./src/display.o
                0x000002b0                fillRow
 .text.getCase  0x0000033c       0x70 ./src/display.o
                0x0000033c                getCase
 .text.printToDisplay
                0x000003ac       0x70 ./src/display.o
                0x000003ac                printToDisplay
 .text.initSomGenerator
                0x0000041c       0x10 ./src/somGenerator.o
                0x0000041c                initSomGenerator
 .text.randomNum
                0x0000042c       0x1c ./src/somGenerator.o
                0x0000042c                randomNum
 .text.randomOperator
                0x00000448       0x24 ./src/somGenerator.o
                0x00000448                randomOperator
 .text.generateSom
                0x0000046c       0x90 ./src/somGenerator.o
                0x0000046c                generateSom
 .text.__main   0x000004fc       0x14 c:/nxp/lpcxpresso_7.3.0_186/lpcxpresso/tools/bin/../lib/gcc/arm-none-eabi/4.8.4/../../../../arm-none-eabi/lib/armv7-m\libcr_semihost.a(_cr__main.o)
                0x000004fc                __CR_SEMIHOST
                0x000004fc                __main
 .text.malloc   0x00000510       0xc4 c:/nxp/lpcxpresso_7.3.0_186/lpcxpresso/tools/bin/../lib/gcc/arm-none-eabi/4.8.4/../../../../arm-none-eabi/lib/armv7-m\libcr_c.a(alloc.o)
                0x00000510                malloc
 .text.free     0x000005d4        0xc c:/nxp/lpcxpresso_7.3.0_186/lpcxpresso/tools/bin/../lib/gcc/arm-none-eabi/4.8.4/../../../../arm-none-eabi/lib/armv7-m\libcr_c.a(alloc.o)
                0x000005d4                free
 .text._Csys_alloc
                0x000005e0       0x20 c:/nxp/lpcxpresso_7.3.0_186/lpcxpresso/tools/bin/../lib/gcc/arm-none-eabi/4.8.4/../../../../arm-none-eabi/lib/armv7-m\libcr_c.a(alloc.o)
                0x000005e0                _Csys_alloc
 .text.time     0x00000600        0xe c:/nxp/lpcxpresso_7.3.0_186/lpcxpresso/tools/bin/../lib/gcc/arm-none-eabi/4.8.4/../../../../arm-none-eabi/lib/armv7-m\libcr_c.a(cr_time.o)
                0x00000600                time
 .text.fp_round
                0x0000060e       0x4e c:/nxp/lpcxpresso_7.3.0_186/lpcxpresso/tools/bin/../lib/gcc/arm-none-eabi/4.8.4/../../../../arm-none-eabi/lib/armv7-m\libcr_c.a(fpprintf.o)
 .text.pr_dec.constprop.1
                0x0000065c       0x26 c:/nxp/lpcxpresso_7.3.0_186/lpcxpresso/tools/bin/../lib/gcc/arm-none-eabi/4.8.4/../../../../arm-none-eabi/lib/armv7-m\libcr_c.a(fpprintf.o)
 *fill*         0x00000682        0x2 
 .text.sprintf  0x00000684       0x6c c:/nxp/lpcxpresso_7.3.0_186/lpcxpresso/tools/bin/../lib/gcc/arm-none-eabi/4.8.4/../../../../arm-none-eabi/lib/armv7-m\libcr_c.a(fpprintf.o)
                0x00000684                sprintf
 .text.fp_display
                0x000006f0      0x998 c:/nxp/lpcxpresso_7.3.0_186/lpcxpresso/tools/bin/../lib/gcc/arm-none-eabi/4.8.4/../../../../arm-none-eabi/lib/armv7-m\libcr_c.a(fpprintf.o)
 .text.vsnprintf
                0x00001088       0x5c c:/nxp/lpcxpresso_7.3.0_186/lpcxpresso/tools/bin/../lib/gcc/arm-none-eabi/4.8.4/../../../../arm-none-eabi/lib/armv7-m\libcr_c.a(fpprintf.o)
                0x00001088                vsnprintf
 .text.printf   0x000010e4       0x54 c:/nxp/lpcxpresso_7.3.0_186/lpcxpresso/tools/bin/../lib/gcc/arm-none-eabi/4.8.4/../../../../arm-none-eabi/lib/armv7-m\libcr_c.a(fpprintf.o)
                0x000010e4                printf
 .text._initio  0x00001138       0xa4 c:/nxp/lpcxpresso_7.3.0_186/lpcxpresso/tools/bin/../lib/gcc/arm-none-eabi/4.8.4/../../../../arm-none-eabi/lib/armv7-m\libcr_c.a(initio.o)
                0x00001138                _initio
 .text.__vfprintf
                0x000011dc      0xca0 c:/nxp/lpcxpresso_7.3.0_186/lpcxpresso/tools/bin/../lib/gcc/arm-none-eabi/4.8.4/../../../../arm-none-eabi/lib/armv7-m\libcr_c.a(printf.o)
                0x000011dc                __vfprintf
 .text.setvbuf  0x00001e7c       0x40 c:/nxp/lpcxpresso_7.3.0_186/lpcxpresso/tools/bin/../lib/gcc/arm-none-eabi/4.8.4/../../../../arm-none-eabi/lib/armv7-m\libcr_c.a(setvbuf.o)
                0x00001e7c                setvbuf
 .text.rand     0x00001ebc       0x3c c:/nxp/lpcxpresso_7.3.0_186/lpcxpresso/tools/bin/../lib/gcc/arm-none-eabi/4.8.4/../../../../arm-none-eabi/lib/armv7-m\libcr_c.a(stdlib.o)
                0x00001ebc                rand
 .text.srand    0x00001ef8       0x3c c:/nxp/lpcxpresso_7.3.0_186/lpcxpresso/tools/bin/../lib/gcc/arm-none-eabi/4.8.4/../../../../arm-none-eabi/lib/armv7-m\libcr_c.a(stdlib.o)
                0x00001ef8                srand
 .text.strlen   0x00001f34       0x4a c:/nxp/lpcxpresso_7.3.0_186/lpcxpresso/tools/bin/../lib/gcc/arm-none-eabi/4.8.4/../../../../arm-none-eabi/lib/armv7-m\libcr_c.a(strlen.o)
                0x00001f34                strlen
 .text.strncpy  0x00001f7e       0x58 c:/nxp/lpcxpresso_7.3.0_186/lpcxpresso/tools/bin/../lib/gcc/arm-none-eabi/4.8.4/../../../../arm-none-eabi/lib/armv7-m\libcr_c.a(strncpy.o)
                0x00001f7e                strncpy
 .text.memset   0x00001fd6        0x4 c:/nxp/lpcxpresso_7.3.0_186/lpcxpresso/tools/bin/../lib/gcc/arm-none-eabi/4.8.4/../../../../arm-none-eabi/lib/armv7-m\libcr_c.a(memset.o)
                0x00001fd6                memset
 *fill*         0x00001fda        0x2 
 .text._sbrk    0x00001fdc       0x40 c:/nxp/lpcxpresso_7.3.0_186/lpcxpresso/tools/bin/../lib/gcc/arm-none-eabi/4.8.4/../../../../arm-none-eabi/lib/armv7-m\libcr_c.a(_cr_sbrk.o)
                0x00001fdc                _sbrk
 .text._deferredlazyseek
                0x0000201c       0x44 c:/nxp/lpcxpresso_7.3.0_186/lpcxpresso/tools/bin/../lib/gcc/arm-none-eabi/4.8.4/../../../../arm-none-eabi/lib/armv7-m\libcr_c.a(_deferredlazyseek.o)
                0x0000201c                _deferredlazyseek
 .text.__flsbuf
                0x00002060      0x142 c:/nxp/lpcxpresso_7.3.0_186/lpcxpresso/tools/bin/../lib/gcc/arm-none-eabi/4.8.4/../../../../arm-none-eabi/lib/armv7-m\libcr_c.a(_deferredlazyseek.o)
                0x00002060                __flsbuf
 .text._fdopen  0x000021a2       0x6a c:/nxp/lpcxpresso_7.3.0_186/lpcxpresso/tools/bin/../lib/gcc/arm-none-eabi/4.8.4/../../../../arm-none-eabi/lib/armv7-m\libcr_c.a(_fdopen.o)
                0x000021a2                _fdopen
 .text._fflush  0x0000220c       0x58 c:/nxp/lpcxpresso_7.3.0_186/lpcxpresso/tools/bin/../lib/gcc/arm-none-eabi/4.8.4/../../../../arm-none-eabi/lib/armv7-m\libcr_c.a(_fflush.o)
                0x0000220c                _fflush
 .text._frexpl  0x00002264       0x5c c:/nxp/lpcxpresso_7.3.0_186/lpcxpresso/tools/bin/../lib/gcc/arm-none-eabi/4.8.4/../../../../arm-none-eabi/lib/armv7-m\libcr_c.a(_frexpl.o)
                0x00002264                _frexpl
 .text._ldexpl  0x000022c0       0x4c c:/nxp/lpcxpresso_7.3.0_186/lpcxpresso/tools/bin/../lib/gcc/arm-none-eabi/4.8.4/../../../../arm-none-eabi/lib/armv7-m\libcr_c.a(_ldexpl.o)
                0x000022c0                _ldexpl
 .text._Cwritebuf
                0x0000230c       0x70 c:/nxp/lpcxpresso_7.3.0_186/lpcxpresso/tools/bin/../lib/gcc/arm-none-eabi/4.8.4/../../../../arm-none-eabi/lib/armv7-m\libcr_c.a(_writebuf.o)
                0x0000230c                _Cwritebuf
 .text.fclose   0x0000237c       0x6c c:/nxp/lpcxpresso_7.3.0_186/lpcxpresso/tools/bin/../lib/gcc/arm-none-eabi/4.8.4/../../../../arm-none-eabi/lib/armv7-m\libcr_c.a(fclose.o)
                0x0000237c                fclose
 .text.fflush   0x000023e8       0x30 c:/nxp/lpcxpresso_7.3.0_186/lpcxpresso/tools/bin/../lib/gcc/arm-none-eabi/4.8.4/../../../../arm-none-eabi/lib/armv7-m\libcr_c.a(fflush.o)
                0x000023e8                fflush
 .text.fseek    0x00002418      0x10c c:/nxp/lpcxpresso_7.3.0_186/lpcxpresso/tools/bin/../lib/gcc/arm-none-eabi/4.8.4/../../../../arm-none-eabi/lib/armv7-m\libcr_c.a(fseek.o)
                0x00002418                fseek
 .text.ftell    0x00002524       0x4c c:/nxp/lpcxpresso_7.3.0_186/lpcxpresso/tools/bin/../lib/gcc/arm-none-eabi/4.8.4/../../../../arm-none-eabi/lib/armv7-m\libcr_c.a(ftell.o)
                0x00002524                ftell
 .text.remove   0x00002570       0x14 c:/nxp/lpcxpresso_7.3.0_186/lpcxpresso/tools/bin/../lib/gcc/arm-none-eabi/4.8.4/../../../../arm-none-eabi/lib/armv7-m\libcr_c.a(remove.o)
                0x00002570                remove
 .text.__check_heap_overflow
                0x00002584       0x18 c:/nxp/lpcxpresso_7.3.0_186/lpcxpresso/tools/bin/../lib/gcc/arm-none-eabi/4.8.4/../../../../arm-none-eabi/lib/armv7-m\libcr_c.a(_cr_check_heap.o)
                0x00002584                __check_heap_overflow
 .text._do_fflush
                0x0000259c       0x44 c:/nxp/lpcxpresso_7.3.0_186/lpcxpresso/tools/bin/../lib/gcc/arm-none-eabi/4.8.4/../../../../arm-none-eabi/lib/armv7-m\libcr_c.a(_do_fflush.o)
                0x0000259c                _do_fflush
 .text.__aeabi_dmul
                0x000025e0      0x12c c:/nxp/lpcxpresso_7.3.0_186/lpcxpresso/tools/bin/../lib/gcc/arm-none-eabi/4.8.4/armv7-m\libcr_eabihelpers.a(double.o)
                0x000025e0                __aeabi_dmul
 .text.__aeabi_ddiv
                0x0000270c      0x16c c:/nxp/lpcxpresso_7.3.0_186/lpcxpresso/tools/bin/../lib/gcc/arm-none-eabi/4.8.4/armv7-m\libcr_eabihelpers.a(double.o)
                0x0000270c                __aeabi_ddiv
 .text.__aeabi_dsub
                0x00002878      0x228 c:/nxp/lpcxpresso_7.3.0_186/lpcxpresso/tools/bin/../lib/gcc/arm-none-eabi/4.8.4/armv7-m\libcr_eabihelpers.a(double.o)
                0x00002878                __aeabi_dsub
 .text.__aeabi_dadd
                0x00002aa0      0x178 c:/nxp/lpcxpresso_7.3.0_186/lpcxpresso/tools/bin/../lib/gcc/arm-none-eabi/4.8.4/armv7-m\libcr_eabihelpers.a(double.o)
                0x00002aa0                __aeabi_dadd
 .text.__aeabi_d2iz
                0x00002c18       0x4c c:/nxp/lpcxpresso_7.3.0_186/lpcxpresso/tools/bin/../lib/gcc/arm-none-eabi/4.8.4/armv7-m\libcr_eabihelpers.a(double.o)
                0x00002c18                __aeabi_d2iz
 .text.__bhs_ui2d
                0x00002c64       0x48 c:/nxp/lpcxpresso_7.3.0_186/lpcxpresso/tools/bin/../lib/gcc/arm-none-eabi/4.8.4/armv7-m\libcr_eabihelpers.a(double.o)
                0x00002c64                __bhs_ui2d
 .text.__aeabi_i2d
                0x00002cac       0x10 c:/nxp/lpcxpresso_7.3.0_186/lpcxpresso/tools/bin/../lib/gcc/arm-none-eabi/4.8.4/armv7-m\libcr_eabihelpers.a(double.o)
                0x00002cac                __aeabi_i2d
 .text.__aeabi_dcmpeq
                0x00002cbc       0x40 c:/nxp/lpcxpresso_7.3.0_186/lpcxpresso/tools/bin/../lib/gcc/arm-none-eabi/4.8.4/armv7-m\libcr_eabihelpers.a(double.o)
                0x00002cbc                __aeabi_dcmpeq
 .text.__aeabi_dcmplt
                0x00002cfc       0x70 c:/nxp/lpcxpresso_7.3.0_186/lpcxpresso/tools/bin/../lib/gcc/arm-none-eabi/4.8.4/armv7-m\libcr_eabihelpers.a(double.o)
                0x00002cfc                __aeabi_dcmplt
 .text.__aeabi_dcmple
                0x00002d6c       0x68 c:/nxp/lpcxpresso_7.3.0_186/lpcxpresso/tools/bin/../lib/gcc/arm-none-eabi/4.8.4/armv7-m\libcr_eabihelpers.a(double.o)
                0x00002d6c                __aeabi_dcmple
 .text.__aeabi_dcmpge
                0x00002dd4       0x64 c:/nxp/lpcxpresso_7.3.0_186/lpcxpresso/tools/bin/../lib/gcc/arm-none-eabi/4.8.4/armv7-m\libcr_eabihelpers.a(double.o)
                0x00002dd4                __aeabi_dcmpge
 .text.__aeabi_memset_lowlevel
                0x00002e38       0x2c c:/nxp/lpcxpresso_7.3.0_186/lpcxpresso/tools/bin/../lib/gcc/arm-none-eabi/4.8.4/armv7-m\libcr_eabihelpers.a(memcpy.o)
                0x00002e38                __aeabi_lowlevel_memset
 .text.__sys_appexit
                0x00002e64        0xc c:/nxp/lpcxpresso_7.3.0_186/lpcxpresso/tools/bin/../lib/gcc/arm-none-eabi/4.8.4/../../../../arm-none-eabi/lib/armv7-m\libcr_semihost.a(__sys_appexit.o)
                0x00002e64                __sys_appexit
                0x00002e64                __exit
 .text.__sys_close
                0x00002e70        0xc c:/nxp/lpcxpresso_7.3.0_186/lpcxpresso/tools/bin/../lib/gcc/arm-none-eabi/4.8.4/../../../../arm-none-eabi/lib/armv7-m\libcr_semihost.a(__sys_close.o)
                0x00002e70                __sys_close
 .text.__sys_flen
                0x00002e7c        0xc c:/nxp/lpcxpresso_7.3.0_186/lpcxpresso/tools/bin/../lib/gcc/arm-none-eabi/4.8.4/../../../../arm-none-eabi/lib/armv7-m\libcr_semihost.a(__sys_flen.o)
                0x00002e7c                __sys_flen
 .text.__sys_istty
                0x00002e88        0xc c:/nxp/lpcxpresso_7.3.0_186/lpcxpresso/tools/bin/../lib/gcc/arm-none-eabi/4.8.4/../../../../arm-none-eabi/lib/armv7-m\libcr_semihost.a(__sys_istty.o)
                0x00002e88                __sys_istty
 .text.__sys_remove
                0x00002e94        0xc c:/nxp/lpcxpresso_7.3.0_186/lpcxpresso/tools/bin/../lib/gcc/arm-none-eabi/4.8.4/../../../../arm-none-eabi/lib/armv7-m\libcr_semihost.a(__sys_remove.o)
                0x00002e94                __sys_remove
 .text.__sys_seek
                0x00002ea0        0xc c:/nxp/lpcxpresso_7.3.0_186/lpcxpresso/tools/bin/../lib/gcc/arm-none-eabi/4.8.4/../../../../arm-none-eabi/lib/armv7-m\libcr_semihost.a(__sys_seek.o)
                0x00002ea0                __sys_seek
 .text.__sys_time
                0x00002eac        0x6 c:/nxp/lpcxpresso_7.3.0_186/lpcxpresso/tools/bin/../lib/gcc/arm-none-eabi/4.8.4/../../../../arm-none-eabi/lib/armv7-m\libcr_semihost.a(__sys_time.o)
                0x00002eac                __sys_time
 .text.__sys_tmpnam
                0x00002eb2        0xc c:/nxp/lpcxpresso_7.3.0_186/lpcxpresso/tools/bin/../lib/gcc/arm-none-eabi/4.8.4/../../../../arm-none-eabi/lib/armv7-m\libcr_semihost.a(__sys_tmpnam.o)
                0x00002eb2                __sys_tmpnam
 .text.__sys_write
                0x00002ebe        0xc c:/nxp/lpcxpresso_7.3.0_186/lpcxpresso/tools/bin/../lib/gcc/arm-none-eabi/4.8.4/../../../../arm-none-eabi/lib/armv7-m\libcr_semihost.a(__sys_write.o)
                0x00002ebe                __sys_write
                0x00002ebe                __write
 *(.rodata .rodata.* .constdata .constdata.*)
 *fill*         0x00002eca        0x2 
 .rodata        0x00002ecc        0x4 ./src/somGenerator.o
 .rodata.str1.4
                0x00002ed0        0xc ./src/somGenerator.o
 .rodata.str1.1
                0x00002edc       0x18 c:/nxp/lpcxpresso_7.3.0_186/lpcxpresso/tools/bin/../lib/gcc/arm-none-eabi/4.8.4/../../../../arm-none-eabi/lib/armv7-m\libcr_c.a(alloc.o)
 .rodata.str1.1
                0x00002ef4       0x34 c:/nxp/lpcxpresso_7.3.0_186/lpcxpresso/tools/bin/../lib/gcc/arm-none-eabi/4.8.4/../../../../arm-none-eabi/lib/armv7-m\libcr_c.a(fpprintf.o)
                                 0x35 (size before relaxing)
 .rodata.str1.1
                0x00002f28        0x4 c:/nxp/lpcxpresso_7.3.0_186/lpcxpresso/tools/bin/../lib/gcc/arm-none-eabi/4.8.4/../../../../arm-none-eabi/lib/armv7-m\libcr_c.a(initio.o)
 .rodata.str1.1
                0x00002f2c       0x31 c:/nxp/lpcxpresso_7.3.0_186/lpcxpresso/tools/bin/../lib/gcc/arm-none-eabi/4.8.4/../../../../arm-none-eabi/lib/armv7-m\libcr_c.a(printf.o)
                                 0x38 (size before relaxing)
 *fill*         0x00002f5d        0x3 
 .rodata.__huge_vall
                0x00002f60        0x8 c:/nxp/lpcxpresso_7.3.0_186/lpcxpresso/tools/bin/../lib/gcc/arm-none-eabi/4.8.4/../../../../arm-none-eabi/lib/armv7-m\libcr_c.a(_hugeval.o)
                0x00002f60                __huge_vall
                0x00002f68                . = ALIGN (0x4)

.glue_7         0x00002f68        0x0
 .glue_7        0x00000000        0x0 linker stubs

.glue_7t        0x00002f68        0x0
 .glue_7t       0x00000000        0x0 linker stubs

.vfp11_veneer   0x00002f68        0x0
 .vfp11_veneer  0x00000000        0x0 linker stubs

.v4_bx          0x00002f68        0x0
 .v4_bx         0x00000000        0x0 linker stubs

.iplt           0x00002f68        0x0
 .iplt          0x00000000        0x0 ./src/Project_Microcontroller_MT.o

.rel.dyn        0x00002f68        0x0
 .rel.iplt      0x00000000        0x0 ./src/Project_Microcontroller_MT.o

.ARM.extab
 *(.ARM.extab* .gnu.linkonce.armextab.*)
                0x00002f68                __exidx_start = .

.ARM.exidx
 *(.ARM.exidx* .gnu.linkonce.armexidx.*)
                0x00002f68                __exidx_end = .
                0x00002f68                _etext = .

.data_RAM2      0x2007c000        0x0 load address 0x00002f68
 FILL mask 0xff
 *(.ramfunc.$RAM2)
 *(.ramfunc.$RamAHB32)
 *(.data.$RAM2*)
 *(.data.$RamAHB32*)
                0x2007c000                . = ALIGN (0x4)

.uninit_RESERVED
                0x10000000        0x0
 *(.bss.$RESERVED*)
                0x10000000                . = ALIGN (0x4)
                0x10000000                _end_uninit_RESERVED = .

.data           0x10000000      0x6e8 load address 0x00002f68
 FILL mask 0xff
                0x10000000                _data = .
 *(vtable)
 *(.ramfunc*)
 *(.data*)
 .data.THREE    0x10000000       0x8c ./src/display.o
                0x10000000                THREE
 .data.NINE     0x1000008c       0x8c ./src/display.o
                0x1000008c                NINE
 .data.SEVEN    0x10000118       0x8c ./src/display.o
                0x10000118                SEVEN
 .data.FIVE     0x100001a4       0x8c ./src/display.o
                0x100001a4                FIVE
 .data.ZERO     0x10000230       0x8c ./src/display.o
                0x10000230                ZERO
 .data.TWO      0x100002bc       0x8c ./src/display.o
                0x100002bc                TWO
 .data.COLON    0x10000348       0x8c ./src/display.o
                0x10000348                COLON
 .data.FOUR     0x100003d4       0x8c ./src/display.o
                0x100003d4                FOUR
 .data.ONE      0x10000460       0x8c ./src/display.o
                0x10000460                ONE
 .data.SIX      0x100004ec       0x8c ./src/display.o
                0x100004ec                SIX
 .data.EIGHT    0x10000578       0x8c ./src/display.o
                0x10000578                EIGHT
 .data._random_number_seed
                0x10000604       0xdc c:/nxp/lpcxpresso_7.3.0_186/lpcxpresso/tools/bin/../lib/gcc/arm-none-eabi/4.8.4/../../../../arm-none-eabi/lib/armv7-m\libcr_c.a(stdlib.o)
 .data._random_j
                0x100006e0        0x4 c:/nxp/lpcxpresso_7.3.0_186/lpcxpresso/tools/bin/../lib/gcc/arm-none-eabi/4.8.4/../../../../arm-none-eabi/lib/armv7-m\libcr_c.a(stdlib.o)
 .data._random_k
                0x100006e4        0x4 c:/nxp/lpcxpresso_7.3.0_186/lpcxpresso/tools/bin/../lib/gcc/arm-none-eabi/4.8.4/../../../../arm-none-eabi/lib/armv7-m\libcr_c.a(stdlib.o)
                0x100006e8                . = ALIGN (0x4)
                0x100006e8                _edata = .

.igot.plt       0x100006e8        0x0 load address 0x00003650
 .igot.plt      0x00000000        0x0 ./src/Project_Microcontroller_MT.o

.bss_RAM2       0x2007c000        0x0
 *(.bss.$RAM2*)
 *(.bss.$RamAHB32*)
                0x2007c000                . = ALIGN (0x4)

.bss            0x100006e8      0x150
                0x100006e8                _bss = .
 *(.bss*)
 .bss.errno     0x100006e8        0x4 c:/nxp/lpcxpresso_7.3.0_186/lpcxpresso/tools/bin/../lib/gcc/arm-none-eabi/4.8.4/../../../../arm-none-eabi/lib/armv7-m\libcr_c.a(errno.o)
                0x100006e8                errno
 *(COMMON)
 COMMON         0x100006ec        0x4 c:/nxp/lpcxpresso_7.3.0_186/lpcxpresso/tools/bin/../lib/gcc/arm-none-eabi/4.8.4/../../../../arm-none-eabi/lib/armv7-m\libcr_c.a(initio.o)
                0x100006ec                _extra
 COMMON         0x100006f0      0x140 c:/nxp/lpcxpresso_7.3.0_186/lpcxpresso/tools/bin/../lib/gcc/arm-none-eabi/4.8.4/../../../../arm-none-eabi/lib/armv7-m\libcr_c.a(stdio.o)
                0x100006f0                __Ciob
 COMMON         0x10000830        0x8 c:/nxp/lpcxpresso_7.3.0_186/lpcxpresso/tools/bin/../lib/gcc/arm-none-eabi/4.8.4/../../../../arm-none-eabi/lib/armv7-m\libcr_c.a(__init_alloc.o)
                0x10000830                __heaps
                0x10000834                __end_of_heap
                0x10000838                . = ALIGN (0x4)
                0x10000838                _ebss = .
                0x10000838                PROVIDE (end, .)

.noinit_RAM2    0x2007c000        0x0
 *(.noinit.$RAM2*)
 *(.noinit.$RamAHB32*)
                0x2007c000                . = ALIGN (0x4)

.noinit         0x10000838        0x0
                0x10000838                _noinit = .
 *(.noinit*)
                0x10000838                . = ALIGN (0x4)
                0x10000838                _end_noinit = .
                0x10000838                PROVIDE (_pvHeapStart, .)
                0x10008000                PROVIDE (_vStackTop, (__top_RamLoc32 - 0x0))
OUTPUT(Project_Microcontroller_MT.axf elf32-littlearm)

.debug_info     0x00000000      0xca8
 .debug_info    0x00000000      0x130 ./src/Project_Microcontroller_MT.o
 .debug_info    0x00000130      0x277 ./src/cr_startup_lpc175x_6x.o
 .debug_info    0x000003a7      0x5b1 ./src/display.o
 .debug_info    0x00000958      0x350 ./src/somGenerator.o

.debug_abbrev   0x00000000      0x4c4
 .debug_abbrev  0x00000000       0xed ./src/Project_Microcontroller_MT.o
 .debug_abbrev  0x000000ed      0x111 ./src/cr_startup_lpc175x_6x.o
 .debug_abbrev  0x000001fe      0x150 ./src/display.o
 .debug_abbrev  0x0000034e      0x176 ./src/somGenerator.o

.debug_loc      0x00000000      0x562
 .debug_loc     0x00000000       0x1e ./src/Project_Microcontroller_MT.o
 .debug_loc     0x0000001e      0x1d1 ./src/cr_startup_lpc175x_6x.o
 .debug_loc     0x000001ef      0x225 ./src/display.o
 .debug_loc     0x00000414      0x14e ./src/somGenerator.o

.debug_aranges  0x00000000      0x130
 .debug_aranges
                0x00000000       0x20 ./src/Project_Microcontroller_MT.o
 .debug_aranges
                0x00000020       0x80 ./src/cr_startup_lpc175x_6x.o
 .debug_aranges
                0x000000a0       0x58 ./src/display.o
 .debug_aranges
                0x000000f8       0x38 ./src/somGenerator.o

.debug_ranges   0x00000000       0xf0
 .debug_ranges  0x00000000       0x10 ./src/Project_Microcontroller_MT.o
 .debug_ranges  0x00000010       0x70 ./src/cr_startup_lpc175x_6x.o
 .debug_ranges  0x00000080       0x48 ./src/display.o
 .debug_ranges  0x000000c8       0x28 ./src/somGenerator.o

.debug_macro    0x00000000      0xc59
 .debug_macro   0x00000000       0x8c ./src/Project_Microcontroller_MT.o
 .debug_macro   0x0000008c      0x856 ./src/Project_Microcontroller_MT.o
 .debug_macro   0x000008e2       0x82 ./src/Project_Microcontroller_MT.o
 .debug_macro   0x00000964       0x10 ./src/Project_Microcontroller_MT.o
 .debug_macro   0x00000974      0x122 ./src/Project_Microcontroller_MT.o
 .debug_macro   0x00000a96       0xa0 ./src/Project_Microcontroller_MT.o
 .debug_macro   0x00000b36       0x3a ./src/Project_Microcontroller_MT.o
 .debug_macro   0x00000b70       0x22 ./src/Project_Microcontroller_MT.o
 .debug_macro   0x00000b92       0x16 ./src/Project_Microcontroller_MT.o
 .debug_macro   0x00000ba8       0x1d ./src/cr_startup_lpc175x_6x.o
 .debug_macro   0x00000bc5       0x1a ./src/display.o
 .debug_macro   0x00000bdf       0x7a ./src/somGenerator.o

.debug_line     0x00000000      0x56f
 .debug_line    0x00000000      0x1af ./src/Project_Microcontroller_MT.o
 .debug_line    0x000001af       0xaa ./src/cr_startup_lpc175x_6x.o
 .debug_line    0x00000259      0x199 ./src/display.o
 .debug_line    0x000003f2      0x17d ./src/somGenerator.o

.debug_str      0x00000000     0x345c
 .debug_str     0x00000000     0x3159 ./src/Project_Microcontroller_MT.o
                               0x31cd (size before relaxing)
 .debug_str     0x00003159      0x1d2 ./src/cr_startup_lpc175x_6x.o
                               0x25bd (size before relaxing)
 .debug_str     0x0000332b       0xae ./src/display.o
                               0x2532 (size before relaxing)
 .debug_str     0x000033d9       0x83 ./src/somGenerator.o
                               0x2d4c (size before relaxing)

.comment        0x00000000       0xe0
 .comment       0x00000000       0x70 ./src/Project_Microcontroller_MT.o
                                 0x71 (size before relaxing)
 .comment       0x00000000       0x71 ./src/cr_startup_lpc175x_6x.o
 .comment       0x00000000       0x71 ./src/display.o
 .comment       0x00000000       0x71 ./src/somGenerator.o
 .comment       0x00000070       0x70 c:/nxp/lpcxpresso_7.3.0_186/lpcxpresso/tools/bin/../lib/gcc/arm-none-eabi/4.8.4/../../../../arm-none-eabi/lib/armv7-m\libcr_semihost.a(_cr__main.o)
                                 0x71 (size before relaxing)
 .comment       0x00000000       0x71 c:/nxp/lpcxpresso_7.3.0_186/lpcxpresso/tools/bin/../lib/gcc/arm-none-eabi/4.8.4/../../../../arm-none-eabi/lib/armv7-m\libcr_c.a(alloc.o)
 .comment       0x00000000       0x71 c:/nxp/lpcxpresso_7.3.0_186/lpcxpresso/tools/bin/../lib/gcc/arm-none-eabi/4.8.4/../../../../arm-none-eabi/lib/armv7-m\libcr_c.a(cr_time.o)
 .comment       0x00000000       0x71 c:/nxp/lpcxpresso_7.3.0_186/lpcxpresso/tools/bin/../lib/gcc/arm-none-eabi/4.8.4/../../../../arm-none-eabi/lib/armv7-m\libcr_c.a(fpprintf.o)
 .comment       0x00000000       0x71 c:/nxp/lpcxpresso_7.3.0_186/lpcxpresso/tools/bin/../lib/gcc/arm-none-eabi/4.8.4/../../../../arm-none-eabi/lib/armv7-m\libcr_c.a(initio.o)
 .comment       0x00000000       0x71 c:/nxp/lpcxpresso_7.3.0_186/lpcxpresso/tools/bin/../lib/gcc/arm-none-eabi/4.8.4/../../../../arm-none-eabi/lib/armv7-m\libcr_c.a(printf.o)
 .comment       0x00000000       0x71 c:/nxp/lpcxpresso_7.3.0_186/lpcxpresso/tools/bin/../lib/gcc/arm-none-eabi/4.8.4/../../../../arm-none-eabi/lib/armv7-m\libcr_c.a(setvbuf.o)
 .comment       0x00000000       0x71 c:/nxp/lpcxpresso_7.3.0_186/lpcxpresso/tools/bin/../lib/gcc/arm-none-eabi/4.8.4/../../../../arm-none-eabi/lib/armv7-m\libcr_c.a(stdio.o)
 .comment       0x00000000       0x71 c:/nxp/lpcxpresso_7.3.0_186/lpcxpresso/tools/bin/../lib/gcc/arm-none-eabi/4.8.4/../../../../arm-none-eabi/lib/armv7-m\libcr_c.a(stdlib.o)
 .comment       0x00000000       0x71 c:/nxp/lpcxpresso_7.3.0_186/lpcxpresso/tools/bin/../lib/gcc/arm-none-eabi/4.8.4/../../../../arm-none-eabi/lib/armv7-m\libcr_c.a(strlen.o)
 .comment       0x00000000       0x71 c:/nxp/lpcxpresso_7.3.0_186/lpcxpresso/tools/bin/../lib/gcc/arm-none-eabi/4.8.4/../../../../arm-none-eabi/lib/armv7-m\libcr_c.a(strncpy.o)
 .comment       0x00000000       0x71 c:/nxp/lpcxpresso_7.3.0_186/lpcxpresso/tools/bin/../lib/gcc/arm-none-eabi/4.8.4/../../../../arm-none-eabi/lib/armv7-m\libcr_c.a(memset.o)
 .comment       0x00000000       0x71 c:/nxp/lpcxpresso_7.3.0_186/lpcxpresso/tools/bin/../lib/gcc/arm-none-eabi/4.8.4/../../../../arm-none-eabi/lib/armv7-m\libcr_c.a(__init_alloc.o)
 .comment       0x00000000       0x71 c:/nxp/lpcxpresso_7.3.0_186/lpcxpresso/tools/bin/../lib/gcc/arm-none-eabi/4.8.4/../../../../arm-none-eabi/lib/armv7-m\libcr_c.a(_cr_sbrk.o)
 .comment       0x00000000       0x71 c:/nxp/lpcxpresso_7.3.0_186/lpcxpresso/tools/bin/../lib/gcc/arm-none-eabi/4.8.4/../../../../arm-none-eabi/lib/armv7-m\libcr_c.a(_deferredlazyseek.o)
 .comment       0x00000000       0x71 c:/nxp/lpcxpresso_7.3.0_186/lpcxpresso/tools/bin/../lib/gcc/arm-none-eabi/4.8.4/../../../../arm-none-eabi/lib/armv7-m\libcr_c.a(_fdopen.o)
 .comment       0x00000000       0x71 c:/nxp/lpcxpresso_7.3.0_186/lpcxpresso/tools/bin/../lib/gcc/arm-none-eabi/4.8.4/../../../../arm-none-eabi/lib/armv7-m\libcr_c.a(_fflush.o)
 .comment       0x00000000       0x71 c:/nxp/lpcxpresso_7.3.0_186/lpcxpresso/tools/bin/../lib/gcc/arm-none-eabi/4.8.4/../../../../arm-none-eabi/lib/armv7-m\libcr_c.a(_frexpl.o)
 .comment       0x00000000       0x71 c:/nxp/lpcxpresso_7.3.0_186/lpcxpresso/tools/bin/../lib/gcc/arm-none-eabi/4.8.4/../../../../arm-none-eabi/lib/armv7-m\libcr_c.a(_ldexpl.o)
 .comment       0x00000000       0x71 c:/nxp/lpcxpresso_7.3.0_186/lpcxpresso/tools/bin/../lib/gcc/arm-none-eabi/4.8.4/../../../../arm-none-eabi/lib/armv7-m\libcr_c.a(_writebuf.o)
 .comment       0x00000000       0x71 c:/nxp/lpcxpresso_7.3.0_186/lpcxpresso/tools/bin/../lib/gcc/arm-none-eabi/4.8.4/../../../../arm-none-eabi/lib/armv7-m\libcr_c.a(errno.o)
 .comment       0x00000000       0x71 c:/nxp/lpcxpresso_7.3.0_186/lpcxpresso/tools/bin/../lib/gcc/arm-none-eabi/4.8.4/../../../../arm-none-eabi/lib/armv7-m\libcr_c.a(fclose.o)
 .comment       0x00000000       0x71 c:/nxp/lpcxpresso_7.3.0_186/lpcxpresso/tools/bin/../lib/gcc/arm-none-eabi/4.8.4/../../../../arm-none-eabi/lib/armv7-m\libcr_c.a(fflush.o)
 .comment       0x00000000       0x71 c:/nxp/lpcxpresso_7.3.0_186/lpcxpresso/tools/bin/../lib/gcc/arm-none-eabi/4.8.4/../../../../arm-none-eabi/lib/armv7-m\libcr_c.a(fseek.o)
 .comment       0x00000000       0x71 c:/nxp/lpcxpresso_7.3.0_186/lpcxpresso/tools/bin/../lib/gcc/arm-none-eabi/4.8.4/../../../../arm-none-eabi/lib/armv7-m\libcr_c.a(ftell.o)
 .comment       0x00000000       0x71 c:/nxp/lpcxpresso_7.3.0_186/lpcxpresso/tools/bin/../lib/gcc/arm-none-eabi/4.8.4/../../../../arm-none-eabi/lib/armv7-m\libcr_c.a(remove.o)
 .comment       0x00000000       0x71 c:/nxp/lpcxpresso_7.3.0_186/lpcxpresso/tools/bin/../lib/gcc/arm-none-eabi/4.8.4/../../../../arm-none-eabi/lib/armv7-m\libcr_c.a(_cr_check_heap.o)
 .comment       0x00000000       0x71 c:/nxp/lpcxpresso_7.3.0_186/lpcxpresso/tools/bin/../lib/gcc/arm-none-eabi/4.8.4/../../../../arm-none-eabi/lib/armv7-m\libcr_c.a(_do_fflush.o)
 .comment       0x00000000       0x71 c:/nxp/lpcxpresso_7.3.0_186/lpcxpresso/tools/bin/../lib/gcc/arm-none-eabi/4.8.4/../../../../arm-none-eabi/lib/armv7-m\libcr_c.a(_hugeval.o)
 .comment       0x00000000       0x71 c:/nxp/lpcxpresso_7.3.0_186/lpcxpresso/tools/bin/../lib/gcc/arm-none-eabi/4.8.4/armv7-m\libcr_eabihelpers.a(double.o)

.ARM.attributes
                0x00000000       0x31
 .ARM.attributes
                0x00000000       0x33 ./src/Project_Microcontroller_MT.o
 .ARM.attributes
                0x00000033       0x33 ./src/cr_startup_lpc175x_6x.o
 .ARM.attributes
                0x00000066       0x33 ./src/display.o
 .ARM.attributes
                0x00000099       0x33 ./src/somGenerator.o
 .ARM.attributes
                0x000000cc       0x33 c:/nxp/lpcxpresso_7.3.0_186/lpcxpresso/tools/bin/../lib/gcc/arm-none-eabi/4.8.4/../../../../arm-none-eabi/lib/armv7-m\libcr_semihost.a(_cr__main.o)
 .ARM.attributes
                0x000000ff       0x33 c:/nxp/lpcxpresso_7.3.0_186/lpcxpresso/tools/bin/../lib/gcc/arm-none-eabi/4.8.4/../../../../arm-none-eabi/lib/armv7-m\libcr_c.a(alloc.o)
 .ARM.attributes
                0x00000132       0x33 c:/nxp/lpcxpresso_7.3.0_186/lpcxpresso/tools/bin/../lib/gcc/arm-none-eabi/4.8.4/../../../../arm-none-eabi/lib/armv7-m\libcr_c.a(cr_time.o)
 .ARM.attributes
                0x00000165       0x33 c:/nxp/lpcxpresso_7.3.0_186/lpcxpresso/tools/bin/../lib/gcc/arm-none-eabi/4.8.4/../../../../arm-none-eabi/lib/armv7-m\libcr_c.a(fpprintf.o)
 .ARM.attributes
                0x00000198       0x33 c:/nxp/lpcxpresso_7.3.0_186/lpcxpresso/tools/bin/../lib/gcc/arm-none-eabi/4.8.4/../../../../arm-none-eabi/lib/armv7-m\libcr_c.a(initio.o)
 .ARM.attributes
                0x000001cb       0x33 c:/nxp/lpcxpresso_7.3.0_186/lpcxpresso/tools/bin/../lib/gcc/arm-none-eabi/4.8.4/../../../../arm-none-eabi/lib/armv7-m\libcr_c.a(printf.o)
 .ARM.attributes
                0x000001fe       0x33 c:/nxp/lpcxpresso_7.3.0_186/lpcxpresso/tools/bin/../lib/gcc/arm-none-eabi/4.8.4/../../../../arm-none-eabi/lib/armv7-m\libcr_c.a(setvbuf.o)
 .ARM.attributes
                0x00000231       0x33 c:/nxp/lpcxpresso_7.3.0_186/lpcxpresso/tools/bin/../lib/gcc/arm-none-eabi/4.8.4/../../../../arm-none-eabi/lib/armv7-m\libcr_c.a(stdio.o)
 .ARM.attributes
                0x00000264       0x33 c:/nxp/lpcxpresso_7.3.0_186/lpcxpresso/tools/bin/../lib/gcc/arm-none-eabi/4.8.4/../../../../arm-none-eabi/lib/armv7-m\libcr_c.a(stdlib.o)
 .ARM.attributes
                0x00000297       0x33 c:/nxp/lpcxpresso_7.3.0_186/lpcxpresso/tools/bin/../lib/gcc/arm-none-eabi/4.8.4/../../../../arm-none-eabi/lib/armv7-m\libcr_c.a(strlen.o)
 .ARM.attributes
                0x000002ca       0x33 c:/nxp/lpcxpresso_7.3.0_186/lpcxpresso/tools/bin/../lib/gcc/arm-none-eabi/4.8.4/../../../../arm-none-eabi/lib/armv7-m\libcr_c.a(strncpy.o)
 .ARM.attributes
                0x000002fd       0x33 c:/nxp/lpcxpresso_7.3.0_186/lpcxpresso/tools/bin/../lib/gcc/arm-none-eabi/4.8.4/../../../../arm-none-eabi/lib/armv7-m\libcr_c.a(memset.o)
 .ARM.attributes
                0x00000330       0x33 c:/nxp/lpcxpresso_7.3.0_186/lpcxpresso/tools/bin/../lib/gcc/arm-none-eabi/4.8.4/../../../../arm-none-eabi/lib/armv7-m\libcr_c.a(__init_alloc.o)
 .ARM.attributes
                0x00000363       0x33 c:/nxp/lpcxpresso_7.3.0_186/lpcxpresso/tools/bin/../lib/gcc/arm-none-eabi/4.8.4/../../../../arm-none-eabi/lib/armv7-m\libcr_c.a(_cr_sbrk.o)
 .ARM.attributes
                0x00000396       0x33 c:/nxp/lpcxpresso_7.3.0_186/lpcxpresso/tools/bin/../lib/gcc/arm-none-eabi/4.8.4/../../../../arm-none-eabi/lib/armv7-m\libcr_c.a(_deferredlazyseek.o)
 .ARM.attributes
                0x000003c9       0x33 c:/nxp/lpcxpresso_7.3.0_186/lpcxpresso/tools/bin/../lib/gcc/arm-none-eabi/4.8.4/../../../../arm-none-eabi/lib/armv7-m\libcr_c.a(_fdopen.o)
 .ARM.attributes
                0x000003fc       0x33 c:/nxp/lpcxpresso_7.3.0_186/lpcxpresso/tools/bin/../lib/gcc/arm-none-eabi/4.8.4/../../../../arm-none-eabi/lib/armv7-m\libcr_c.a(_fflush.o)
 .ARM.attributes
                0x0000042f       0x33 c:/nxp/lpcxpresso_7.3.0_186/lpcxpresso/tools/bin/../lib/gcc/arm-none-eabi/4.8.4/../../../../arm-none-eabi/lib/armv7-m\libcr_c.a(_frexpl.o)
 .ARM.attributes
                0x00000462       0x33 c:/nxp/lpcxpresso_7.3.0_186/lpcxpresso/tools/bin/../lib/gcc/arm-none-eabi/4.8.4/../../../../arm-none-eabi/lib/armv7-m\libcr_c.a(_ldexpl.o)
 .ARM.attributes
                0x00000495       0x33 c:/nxp/lpcxpresso_7.3.0_186/lpcxpresso/tools/bin/../lib/gcc/arm-none-eabi/4.8.4/../../../../arm-none-eabi/lib/armv7-m\libcr_c.a(_writebuf.o)
 .ARM.attributes
                0x000004c8       0x33 c:/nxp/lpcxpresso_7.3.0_186/lpcxpresso/tools/bin/../lib/gcc/arm-none-eabi/4.8.4/../../../../arm-none-eabi/lib/armv7-m\libcr_c.a(errno.o)
 .ARM.attributes
                0x000004fb       0x33 c:/nxp/lpcxpresso_7.3.0_186/lpcxpresso/tools/bin/../lib/gcc/arm-none-eabi/4.8.4/../../../../arm-none-eabi/lib/armv7-m\libcr_c.a(fclose.o)
 .ARM.attributes
                0x0000052e       0x33 c:/nxp/lpcxpresso_7.3.0_186/lpcxpresso/tools/bin/../lib/gcc/arm-none-eabi/4.8.4/../../../../arm-none-eabi/lib/armv7-m\libcr_c.a(fflush.o)
 .ARM.attributes
                0x00000561       0x33 c:/nxp/lpcxpresso_7.3.0_186/lpcxpresso/tools/bin/../lib/gcc/arm-none-eabi/4.8.4/../../../../arm-none-eabi/lib/armv7-m\libcr_c.a(fseek.o)
 .ARM.attributes
                0x00000594       0x33 c:/nxp/lpcxpresso_7.3.0_186/lpcxpresso/tools/bin/../lib/gcc/arm-none-eabi/4.8.4/../../../../arm-none-eabi/lib/armv7-m\libcr_c.a(ftell.o)
 .ARM.attributes
                0x000005c7       0x33 c:/nxp/lpcxpresso_7.3.0_186/lpcxpresso/tools/bin/../lib/gcc/arm-none-eabi/4.8.4/../../../../arm-none-eabi/lib/armv7-m\libcr_c.a(remove.o)
 .ARM.attributes
                0x000005fa       0x33 c:/nxp/lpcxpresso_7.3.0_186/lpcxpresso/tools/bin/../lib/gcc/arm-none-eabi/4.8.4/../../../../arm-none-eabi/lib/armv7-m\libcr_c.a(_cr_check_heap.o)
 .ARM.attributes
                0x0000062d       0x33 c:/nxp/lpcxpresso_7.3.0_186/lpcxpresso/tools/bin/../lib/gcc/arm-none-eabi/4.8.4/../../../../arm-none-eabi/lib/armv7-m\libcr_c.a(_do_fflush.o)
 .ARM.attributes
                0x00000660       0x33 c:/nxp/lpcxpresso_7.3.0_186/lpcxpresso/tools/bin/../lib/gcc/arm-none-eabi/4.8.4/../../../../arm-none-eabi/lib/armv7-m\libcr_c.a(_hugeval.o)
 .ARM.attributes
                0x00000693       0x33 c:/nxp/lpcxpresso_7.3.0_186/lpcxpresso/tools/bin/../lib/gcc/arm-none-eabi/4.8.4/armv7-m\libcr_eabihelpers.a(double.o)
 .ARM.attributes
                0x000006c6       0x21 c:/nxp/lpcxpresso_7.3.0_186/lpcxpresso/tools/bin/../lib/gcc/arm-none-eabi/4.8.4/armv7-m\libcr_eabihelpers.a(memcpy.o)
 .ARM.attributes
                0x000006e7       0x21 c:/nxp/lpcxpresso_7.3.0_186/lpcxpresso/tools/bin/../lib/gcc/arm-none-eabi/4.8.4/../../../../arm-none-eabi/lib/armv7-m\libcr_semihost.a(__sys_appexit.o)
 .ARM.attributes
                0x00000708       0x21 c:/nxp/lpcxpresso_7.3.0_186/lpcxpresso/tools/bin/../lib/gcc/arm-none-eabi/4.8.4/../../../../arm-none-eabi/lib/armv7-m\libcr_semihost.a(__sys_close.o)
 .ARM.attributes
                0x00000729       0x21 c:/nxp/lpcxpresso_7.3.0_186/lpcxpresso/tools/bin/../lib/gcc/arm-none-eabi/4.8.4/../../../../arm-none-eabi/lib/armv7-m\libcr_semihost.a(__sys_flen.o)
 .ARM.attributes
                0x0000074a       0x21 c:/nxp/lpcxpresso_7.3.0_186/lpcxpresso/tools/bin/../lib/gcc/arm-none-eabi/4.8.4/../../../../arm-none-eabi/lib/armv7-m\libcr_semihost.a(__sys_istty.o)
 .ARM.attributes
                0x0000076b       0x21 c:/nxp/lpcxpresso_7.3.0_186/lpcxpresso/tools/bin/../lib/gcc/arm-none-eabi/4.8.4/../../../../arm-none-eabi/lib/armv7-m\libcr_semihost.a(__sys_remove.o)
 .ARM.attributes
                0x0000078c       0x21 c:/nxp/lpcxpresso_7.3.0_186/lpcxpresso/tools/bin/../lib/gcc/arm-none-eabi/4.8.4/../../../../arm-none-eabi/lib/armv7-m\libcr_semihost.a(__sys_seek.o)
 .ARM.attributes
                0x000007ad       0x21 c:/nxp/lpcxpresso_7.3.0_186/lpcxpresso/tools/bin/../lib/gcc/arm-none-eabi/4.8.4/../../../../arm-none-eabi/lib/armv7-m\libcr_semihost.a(__sys_time.o)
 .ARM.attributes
                0x000007ce       0x21 c:/nxp/lpcxpresso_7.3.0_186/lpcxpresso/tools/bin/../lib/gcc/arm-none-eabi/4.8.4/../../../../arm-none-eabi/lib/armv7-m\libcr_semihost.a(__sys_tmpnam.o)
 .ARM.attributes
                0x000007ef       0x21 c:/nxp/lpcxpresso_7.3.0_186/lpcxpresso/tools/bin/../lib/gcc/arm-none-eabi/4.8.4/../../../../arm-none-eabi/lib/armv7-m\libcr_semihost.a(__sys_write.o)

.debug_frame    0x00000000      0x270
 .debug_frame   0x00000000       0x28 ./src/Project_Microcontroller_MT.o
 .debug_frame   0x00000028       0xf4 ./src/cr_startup_lpc175x_6x.o
 .debug_frame   0x0000011c       0xd8 ./src/display.o
 .debug_frame   0x000001f4       0x7c ./src/somGenerator.o
