Archive member included because of file (symbol)

c:/nxp/lpcxpresso_7.3.0_186/lpcxpresso/tools/bin/../lib/gcc/arm-none-eabi/4.8.4/../../../../arm-none-eabi/lib/armv7-m\libcr_semihost.a(_cr__main.o)
                              ./src/cr_startup_lpc175x_6x.o (__main)
c:/nxp/lpcxpresso_7.3.0_186/lpcxpresso/tools/bin/../lib/gcc/arm-none-eabi/4.8.4/../../../../arm-none-eabi/lib/armv7-m\libcr_c.a(memset.o)
                              ./src/states.o (memset)
c:/nxp/lpcxpresso_7.3.0_186/lpcxpresso/tools/bin/../lib/gcc/arm-none-eabi/4.8.4/../../../../arm-none-eabi/lib/armv7-m\libcr_c.a(alloc.o)
                              ./src/somGenerator.o (malloc)
c:/nxp/lpcxpresso_7.3.0_186/lpcxpresso/tools/bin/../lib/gcc/arm-none-eabi/4.8.4/../../../../arm-none-eabi/lib/armv7-m\libcr_c.a(cr_time.o)
                              ./src/somGenerator.o (time)
c:/nxp/lpcxpresso_7.3.0_186/lpcxpresso/tools/bin/../lib/gcc/arm-none-eabi/4.8.4/../../../../arm-none-eabi/lib/armv7-m\libcr_c.a(fpprintf.o)
                              ./src/ProjWek.o (sprintf)
c:/nxp/lpcxpresso_7.3.0_186/lpcxpresso/tools/bin/../lib/gcc/arm-none-eabi/4.8.4/../../../../arm-none-eabi/lib/armv7-m\libcr_c.a(initio.o)
                              c:/nxp/lpcxpresso_7.3.0_186/lpcxpresso/tools/bin/../lib/gcc/arm-none-eabi/4.8.4/../../../../arm-none-eabi/lib/armv7-m\libcr_semihost.a(_cr__main.o) (_initio)
c:/nxp/lpcxpresso_7.3.0_186/lpcxpresso/tools/bin/../lib/gcc/arm-none-eabi/4.8.4/../../../../arm-none-eabi/lib/armv7-m\libcr_c.a(printf.o)
                              c:/nxp/lpcxpresso_7.3.0_186/lpcxpresso/tools/bin/../lib/gcc/arm-none-eabi/4.8.4/../../../../arm-none-eabi/lib/armv7-m\libcr_c.a(fpprintf.o) (__vfprintf)
c:/nxp/lpcxpresso_7.3.0_186/lpcxpresso/tools/bin/../lib/gcc/arm-none-eabi/4.8.4/../../../../arm-none-eabi/lib/armv7-m\libcr_c.a(scanf.o)
                              ./src/states.o (atoi)
c:/nxp/lpcxpresso_7.3.0_186/lpcxpresso/tools/bin/../lib/gcc/arm-none-eabi/4.8.4/../../../../arm-none-eabi/lib/armv7-m\libcr_c.a(setvbuf.o)
                              c:/nxp/lpcxpresso_7.3.0_186/lpcxpresso/tools/bin/../lib/gcc/arm-none-eabi/4.8.4/../../../../arm-none-eabi/lib/armv7-m\libcr_c.a(initio.o) (setvbuf)
c:/nxp/lpcxpresso_7.3.0_186/lpcxpresso/tools/bin/../lib/gcc/arm-none-eabi/4.8.4/../../../../arm-none-eabi/lib/armv7-m\libcr_c.a(stdio.o)
                              c:/nxp/lpcxpresso_7.3.0_186/lpcxpresso/tools/bin/../lib/gcc/arm-none-eabi/4.8.4/../../../../arm-none-eabi/lib/armv7-m\libcr_c.a(fpprintf.o) (__Ciob)
c:/nxp/lpcxpresso_7.3.0_186/lpcxpresso/tools/bin/../lib/gcc/arm-none-eabi/4.8.4/../../../../arm-none-eabi/lib/armv7-m\libcr_c.a(stdlib.o)
                              ./src/somGenerator.o (rand)
c:/nxp/lpcxpresso_7.3.0_186/lpcxpresso/tools/bin/../lib/gcc/arm-none-eabi/4.8.4/../../../../arm-none-eabi/lib/armv7-m\libcr_c.a(strcat.o)
                              ./src/states.o (strcat)
c:/nxp/lpcxpresso_7.3.0_186/lpcxpresso/tools/bin/../lib/gcc/arm-none-eabi/4.8.4/../../../../arm-none-eabi/lib/armv7-m\libcr_c.a(strcpy.o)
                              ./src/ProjWek.o (strcpy)
c:/nxp/lpcxpresso_7.3.0_186/lpcxpresso/tools/bin/../lib/gcc/arm-none-eabi/4.8.4/../../../../arm-none-eabi/lib/armv7-m\libcr_c.a(strlen.o)
                              ./src/states.o (strlen)
c:/nxp/lpcxpresso_7.3.0_186/lpcxpresso/tools/bin/../lib/gcc/arm-none-eabi/4.8.4/../../../../arm-none-eabi/lib/armv7-m\libcr_c.a(strncpy.o)
                              ./src/somGenerator.o (strncpy)
c:/nxp/lpcxpresso_7.3.0_186/lpcxpresso/tools/bin/../lib/gcc/arm-none-eabi/4.8.4/../../../../arm-none-eabi/lib/armv7-m\libcr_c.a(ungetc.o)
                              c:/nxp/lpcxpresso_7.3.0_186/lpcxpresso/tools/bin/../lib/gcc/arm-none-eabi/4.8.4/../../../../arm-none-eabi/lib/armv7-m\libcr_c.a(scanf.o) (ungetc)
c:/nxp/lpcxpresso_7.3.0_186/lpcxpresso/tools/bin/../lib/gcc/arm-none-eabi/4.8.4/../../../../arm-none-eabi/lib/armv7-m\libcr_c.a(memcpy.o)
                              c:/nxp/lpcxpresso_7.3.0_186/lpcxpresso/tools/bin/../lib/gcc/arm-none-eabi/4.8.4/../../../../arm-none-eabi/lib/armv7-m\libcr_c.a(alloc.o) (memcpy)
c:/nxp/lpcxpresso_7.3.0_186/lpcxpresso/tools/bin/../lib/gcc/arm-none-eabi/4.8.4/../../../../arm-none-eabi/lib/armv7-m\libcr_c.a(__fillbuf.o)
                              c:/nxp/lpcxpresso_7.3.0_186/lpcxpresso/tools/bin/../lib/gcc/arm-none-eabi/4.8.4/../../../../arm-none-eabi/lib/armv7-m\libcr_c.a(scanf.o) (__filbuf)
c:/nxp/lpcxpresso_7.3.0_186/lpcxpresso/tools/bin/../lib/gcc/arm-none-eabi/4.8.4/../../../../arm-none-eabi/lib/armv7-m\libcr_c.a(__init_alloc.o)
                              c:/nxp/lpcxpresso_7.3.0_186/lpcxpresso/tools/bin/../lib/gcc/arm-none-eabi/4.8.4/../../../../arm-none-eabi/lib/armv7-m\libcr_c.a(alloc.o) (__heaps)
c:/nxp/lpcxpresso_7.3.0_186/lpcxpresso/tools/bin/../lib/gcc/arm-none-eabi/4.8.4/../../../../arm-none-eabi/lib/armv7-m\libcr_c.a(_cr_sbrk.o)
[...]
Memory Configuration

Name             Origin             Length             Attributes
MFlash512        0x00000000         0x00080000         xr
RamLoc32         0x10000000         0x00008000         xrw
RamAHB32         0x2007c000         0x00008000         xrw
*default*        0x00000000         0xffffffff

Linker script and memory map

LOAD ./src/Alarm.o
LOAD ./src/ProjWek.o
LOAD ./src/RC5.o
LOAD ./src/RIT.o
LOAD ./src/RTC.o
LOAD ./src/cr_startup_lpc175x_6x.o
LOAD ./src/crp.o
LOAD ./src/display.o
LOAD ./src/somGenerator.o
LOAD ./src/states.o
LOAD ./src/timer.o
START GROUP
LOAD c:/nxp/lpcxpresso_7.3.0_186/lpcxpresso/tools/bin/../lib/gcc/arm-none-eabi/4.8.4/../../../../arm-none-eabi/lib/armv7-m\libcr_semihost.a
LOAD c:/nxp/lpcxpresso_7.3.0_186/lpcxpresso/tools/bin/../lib/gcc/arm-none-eabi/4.8.4/../../../../arm-none-eabi/lib/armv7-m\libcr_c.a
LOAD c:/nxp/lpcxpresso_7.3.0_186/lpcxpresso/tools/bin/../lib/gcc/arm-none-eabi/4.8.4/armv7-m\libcr_eabihelpers.a
END GROUP
                0x00080000                __top_MFlash512 = 0x80000
                0x10008000                __top_RamLoc32 = 0x10008000
                0x20084000                __top_RamAHB32 = 0x20084000

.text           0x00000000     0x3ef8
 FILL mask 0xff
                0x00000000                __vectors_start__ = ABSOLUTE (.)
 *(.isr_vector)
 .isr_vector    0x00000000       0xcc ./src/cr_startup_lpc175x_6x.o
                0x00000000                g_pfnVectors
                0x000000cc                . = ALIGN (0x4)
                0x000000cc                __section_table_start = .
                0x000000cc                __data_section_table = .
                0x000000cc        0x4 LONG 0x3ef8 LOADADDR (.data)
                0x000000d0        0x4 LONG 0x10000000 ADDR (.data)
                0x000000d4        0x4 LONG 0x924 SIZEOF (.data)
                0x000000d8        0x4 LONG 0x3ef8 LOADADDR (.data_RAM2)
                0x000000dc        0x4 LONG 0x2007c000 ADDR (.data_RAM2)
                0x000000e0        0x4 LONG 0x0 SIZEOF (.data_RAM2)
                0x000000e4                __data_section_table_end = .
                0x000000e4                __bss_section_table = .
                0x000000e4        0x4 LONG 0x10000924 ADDR (.bss)
                0x000000e8        0x4 LONG 0x3440 SIZEOF (.bss)
                0x000000ec        0x4 LONG 0x2007c000 ADDR (.bss_RAM2)
                0x000000f0        0x4 LONG 0x0 SIZEOF (.bss_RAM2)
                0x000000f4                __bss_section_table_end = .
                0x000000f4                __section_table_end = .
 *(.after_vectors*)
 .after_vectors
                0x000000f4       0xa0 ./src/cr_startup_lpc175x_6x.o
                0x000000f4                NMI_Handler
                0x000000f8                HardFault_Handler
                0x000000fc                MemManage_Handler
                0x00000100                BusFault_Handler
                0x00000104                UsageFault_Handler
                0x00000108                SVC_Handler
                0x0000010c                DebugMon_Handler
                0x00000110                PendSV_Handler
                0x00000114                SysTick_Handler
                0x00000118                EINT2_IRQHandler
                0x00000118                USBActivity_IRQHandler
                0x00000118                CANActivity_IRQHandler
                0x00000118                TIMER3_IRQHandler
                0x00000118                UART0_IRQHandler
                0x00000118                MCPWM_IRQHandler
                0x00000118                UART1_IRQHandler
                0x00000118                I2C1_IRQHandler
                0x00000118                IntDefaultHandler
                0x00000118                I2C0_IRQHandler
                0x00000118                CAN_IRQHandler
                0x00000118                PLL1_IRQHandler
                0x00000118                SSP0_IRQHandler
                0x00000118                I2S_IRQHandler
                0x00000118                RTC_IRQHandler
                0x00000118                TIMER0_IRQHandler
                0x00000118                SPI_IRQHandler
                0x00000118                UART3_IRQHandler
                0x00000118                EINT1_IRQHandler
                0x00000118                TIMER1_IRQHandler
                0x00000118                UART2_IRQHandler
                0x00000118                ADC_IRQHandler
                0x00000118                SSP1_IRQHandler
                0x00000118                USB_IRQHandler
                0x00000118                BOD_IRQHandler
                0x00000118                PWM1_IRQHandler
                0x00000118                WDT_IRQHandler
                0x00000118                PLL0_IRQHandler
                0x00000118                QEI_IRQHandler
                0x00000118                EINT0_IRQHandler
                0x00000118                TIMER2_IRQHandler
                0x00000118                DMA_IRQHandler
                0x00000118                ENET_IRQHandler
                0x0000011c                data_init
                0x00000138                bss_init
                0x0000014c                ResetISR
 *(.text*)
 .text.setAlarm
                0x00000194       0x74 ./src/Alarm.o
                0x00000194                setAlarm
 .text.setOutput
                0x00000208       0x18 ./src/ProjWek.o
                0x00000208                setOutput
 .text.setAlarmTime
                0x00000220       0x18 ./src/ProjWek.o
                0x00000220                setAlarmTime
 .text.isTimeForAlarm
                0x00000238       0x3c ./src/ProjWek.o
                0x00000238                isTimeForAlarm
 .text.resetAlarmTime
                0x00000274       0x18 ./src/ProjWek.o
                0x00000274                resetAlarmTime
 .text.setPriorities
                0x0000028c       0x24 ./src/ProjWek.o
                0x0000028c                setPriorities
 .text.main     0x000002b0      0x158 ./src/ProjWek.o
                0x000002b0                main
 .text.initRC5  0x00000408       0x44 ./src/RC5.o
                0x00000408                initRC5
 .text.EINT3_IRQHandler
                0x0000044c      0x1b8 ./src/RC5.o
                0x0000044c                EINT3_IRQHandler
 .text.getCommand
                0x00000604        0xc ./src/RC5.o
                0x00000604                getCommand
 .text.initRIT  0x00000610       0x38 ./src/RIT.o
                0x00000610                initRIT
 .text.RIT_IRQHandler
                0x00000648      0x130 ./src/RIT.o
                0x00000648                RIT_IRQHandler
 .text.initRTC  0x00000778       0x5c ./src/RTC.o
                0x00000778                initRTC
 .text.setMasterTransmitterMode
                0x000007d4       0x20 ./src/RTC.o
                0x000007d4                setMasterTransmitterMode
 .text.setAlarmBit
                0x000007f4       0x40 ./src/RTC.o
                0x000007f4                setAlarmBit
 .text.writeSlaveAdress
                0x00000834       0x18 ./src/RTC.o
                0x00000834                writeSlaveAdress
 .text.writeData
                0x0000084c        0xc ./src/RTC.o
                0x0000084c                writeData
 .text.BCDtoDec
                0x00000858       0x2c ./src/RTC.o
                0x00000858                BCDtoDec
 .text.readTime
                0x00000884       0x60 ./src/RTC.o
                0x00000884                readTime
 .text.I2C2_IRQHandler
                0x000008e4      0x19c ./src/RTC.o
                0x000008e4                I2C2_IRQHandler
 .text.setPin   0x00000a80       0x20 ./src/display.o
                0x00000a80                setPin
 .text.initDisplay
                0x00000aa0       0x44 ./src/display.o
                0x00000aa0                initDisplay
 .text.clear    0x00000ae4       0x34 ./src/display.o
                0x00000ae4                clear
 .text.printRow
                0x00000b18       0x88 ./src/display.o
                0x00000b18                printRow
 .text.fillRow  0x00000ba0       0x8c ./src/display.o
                0x00000ba0                fillRow
 .text.getCase  0x00000c2c       0x9c ./src/display.o
                0x00000c2c                getCase
 .text.printToDisplay
                0x00000cc8       0x58 ./src/display.o
                0x00000cc8                printToDisplay
 .text.initSomGenerator
                0x00000d20       0x10 ./src/somGenerator.o
                0x00000d20                initSomGenerator
 .text.randomNum
                0x00000d30       0x1c ./src/somGenerator.o
                0x00000d30                randomNum
 .text.randomOperator
                0x00000d4c       0x24 ./src/somGenerator.o
                0x00000d4c                randomOperator
 .text.generateSom
                0x00000d70      0x13c ./src/somGenerator.o
                0x00000d70                generateSom
 .text.alarmState
                0x00000eac      0x108 ./src/states.o
                0x00000eac                alarmState
 .text.addAlarmState
                0x00000fb4      0x1a0 ./src/states.o
                0x00000fb4                addAlarmState
 .text.toggleAlarmState
                0x00001154        0x8 ./src/states.o
                0x00001154                toggleAlarmState
 .text.initTimer0
                0x0000115c       0x18 ./src/timer.o
                0x0000115c                initTimer0
 .text.readTimer0
                0x00001174        0xc ./src/timer.o
                0x00001174                readTimer0
 .text.delay    0x00001180       0x10 ./src/timer.o
                0x00001180                delay
 .text.resetTimer0
                0x00001190       0x20 ./src/timer.o
                0x00001190                resetTimer0
 .text.__main   0x000011b0       0x14 c:/nxp/lpcxpresso_7.3.0_186/lpcxpresso/tools/bin/../lib/gcc/arm-none-eabi/4.8.4/../../../../arm-none-eabi/lib/armv7-m\libcr_semihost.a(_cr__main.o)
                0x000011b0                __CR_SEMIHOST
                0x000011b0                __main
 .text.memset   0x000011c4        0x4 c:/nxp/lpcxpresso_7.3.0_186/lpcxpresso/tools/bin/../lib/gcc/arm-none-eabi/4.8.4/../../../../arm-none-eabi/lib/armv7-m\libcr_c.a(memset.o)
                0x000011c4                memset
 .text.malloc   0x000011c8       0xc4 c:/nxp/lpcxpresso_7.3.0_186/lpcxpresso/tools/bin/../lib/gcc/arm-none-eabi/4.8.4/../../../../arm-none-eabi/lib/armv7-m\libcr_c.a(alloc.o)
                0x000011c8                malloc
 .text.free     0x0000128c        0xc c:/nxp/lpcxpresso_7.3.0_186/lpcxpresso/tools/bin/../lib/gcc/arm-none-eabi/4.8.4/../../../../arm-none-eabi/lib/armv7-m\libcr_c.a(alloc.o)
                0x0000128c                free
 .text._Csys_alloc
                0x00001298       0x20 c:/nxp/lpcxpresso_7.3.0_186/lpcxpresso/tools/bin/../lib/gcc/arm-none-eabi/4.8.4/../../../../arm-none-eabi/lib/armv7-m\libcr_c.a(alloc.o)
                0x00001298                _Csys_alloc
 .text.time     0x000012b8        0xe c:/nxp/lpcxpresso_7.3.0_186/lpcxpresso/tools/bin/../lib/gcc/arm-none-eabi/4.8.4/../../../../arm-none-eabi/lib/armv7-m\libcr_c.a(cr_time.o)
                0x000012b8                time
 .text.fp_round
                0x000012c6       0x4e c:/nxp/lpcxpresso_7.3.0_186/lpcxpresso/tools/bin/../lib/gcc/arm-none-eabi/4.8.4/../../../../arm-none-eabi/lib/armv7-m\libcr_c.a(fpprintf.o)
 .text.pr_dec.constprop.1
                0x00001314       0x26 c:/nxp/lpcxpresso_7.3.0_186/lpcxpresso/tools/bin/../lib/gcc/arm-none-eabi/4.8.4/../../../../arm-none-eabi/lib/armv7-m\libcr_c.a(fpprintf.o)
 *fill*         0x0000133a        0x2 
 .text.sprintf  0x0000133c       0x6c c:/nxp/lpcxpresso_7.3.0_186/lpcxpresso/tools/bin/../lib/gcc/arm-none-eabi/4.8.4/../../../../arm-none-eabi/lib/armv7-m\libcr_c.a(fpprintf.o)
                0x0000133c                sprintf
 .text.fp_display
                0x000013a8      0x998 c:/nxp/lpcxpresso_7.3.0_186/lpcxpresso/tools/bin/../lib/gcc/arm-none-eabi/4.8.4/../../../../arm-none-eabi/lib/armv7-m\libcr_c.a(fpprintf.o)
 .text._initio  0x00001d40       0xa4 c:/nxp/lpcxpresso_7.3.0_186/lpcxpresso/tools/bin/../lib/gcc/arm-none-eabi/4.8.4/../../../../arm-none-eabi/lib/armv7-m\libcr_c.a(initio.o)
                0x00001d40                _initio
 .text.__vfprintf
                0x00001de4      0xca0 c:/nxp/lpcxpresso_7.3.0_186/lpcxpresso/tools/bin/../lib/gcc/arm-none-eabi/4.8.4/../../../../arm-none-eabi/lib/armv7-m\libcr_c.a(printf.o)
                0x00001de4                __vfprintf
 .text.ch_val   0x00002a84       0x30 c:/nxp/lpcxpresso_7.3.0_186/lpcxpresso/tools/bin/../lib/gcc/arm-none-eabi/4.8.4/../../../../arm-none-eabi/lib/armv7-m\libcr_c.a(scanf.o)
 .text._strtoul
                0x00002ab4       0xc0 c:/nxp/lpcxpresso_7.3.0_186/lpcxpresso/tools/bin/../lib/gcc/arm-none-eabi/4.8.4/../../../../arm-none-eabi/lib/armv7-m\libcr_c.a(scanf.o)
 .text.strtol   0x00002b74       0x80 c:/nxp/lpcxpresso_7.3.0_186/lpcxpresso/tools/bin/../lib/gcc/arm-none-eabi/4.8.4/../../../../arm-none-eabi/lib/armv7-m\libcr_c.a(scanf.o)
                0x00002b74                strtol
 .text.atoi     0x00002bf4       0x18 c:/nxp/lpcxpresso_7.3.0_186/lpcxpresso/tools/bin/../lib/gcc/arm-none-eabi/4.8.4/../../../../arm-none-eabi/lib/armv7-m\libcr_c.a(scanf.o)
                0x00002bf4                atoi
 .text.setvbuf  0x00002c0c       0x40 c:/nxp/lpcxpresso_7.3.0_186/lpcxpresso/tools/bin/../lib/gcc/arm-none-eabi/4.8.4/../../../../arm-none-eabi/lib/armv7-m\libcr_c.a(setvbuf.o)
                0x00002c0c                setvbuf
 .text.rand     0x00002c4c       0x3c c:/nxp/lpcxpresso_7.3.0_186/lpcxpresso/tools/bin/../lib/gcc/arm-none-eabi/4.8.4/../../../../arm-none-eabi/lib/armv7-m\libcr_c.a(stdlib.o)
                0x00002c4c                rand
 .text.srand    0x00002c88       0x3c c:/nxp/lpcxpresso_7.3.0_186/lpcxpresso/tools/bin/../lib/gcc/arm-none-eabi/4.8.4/../../../../arm-none-eabi/lib/armv7-m\libcr_c.a(stdlib.o)
                0x00002c88                srand
 .text.strcat   0x00002cc4       0x1a c:/nxp/lpcxpresso_7.3.0_186/lpcxpresso/tools/bin/../lib/gcc/arm-none-eabi/4.8.4/../../../../arm-none-eabi/lib/armv7-m\libcr_c.a(strcat.o)
                0x00002cc4                strcat
 .text.strcpy   0x00002cde       0x40 c:/nxp/lpcxpresso_7.3.0_186/lpcxpresso/tools/bin/../lib/gcc/arm-none-eabi/4.8.4/../../../../arm-none-eabi/lib/armv7-m\libcr_c.a(strcpy.o)
                0x00002cde                strcpy
 .text.strlen   0x00002d1e       0x4a c:/nxp/lpcxpresso_7.3.0_186/lpcxpresso/tools/bin/../lib/gcc/arm-none-eabi/4.8.4/../../../../arm-none-eabi/lib/armv7-m\libcr_c.a(strlen.o)
                0x00002d1e                strlen
 .text.strncpy  0x00002d68       0x58 c:/nxp/lpcxpresso_7.3.0_186/lpcxpresso/tools/bin/../lib/gcc/arm-none-eabi/4.8.4/../../../../arm-none-eabi/lib/armv7-m\libcr_c.a(strncpy.o)
                0x00002d68                strncpy
 .text._sbrk    0x00002dc0       0x40 c:/nxp/lpcxpresso_7.3.0_186/lpcxpresso/tools/bin/../lib/gcc/arm-none-eabi/4.8.4/../../../../arm-none-eabi/lib/armv7-m\libcr_c.a(_cr_sbrk.o)
                0x00002dc0                _sbrk
 .text._deferredlazyseek
                0x00002e00       0x44 c:/nxp/lpcxpresso_7.3.0_186/lpcxpresso/tools/bin/../lib/gcc/arm-none-eabi/4.8.4/../../../../arm-none-eabi/lib/armv7-m\libcr_c.a(_deferredlazyseek.o)
                0x00002e00                _deferredlazyseek
 .text.__flsbuf
                0x00002e44      0x142 c:/nxp/lpcxpresso_7.3.0_186/lpcxpresso/tools/bin/../lib/gcc/arm-none-eabi/4.8.4/../../../../arm-none-eabi/lib/armv7-m\libcr_c.a(_deferredlazyseek.o)
                0x00002e44                __flsbuf
 .text._fdopen  0x00002f86       0x6a c:/nxp/lpcxpresso_7.3.0_186/lpcxpresso/tools/bin/../lib/gcc/arm-none-eabi/4.8.4/../../../../arm-none-eabi/lib/armv7-m\libcr_c.a(_fdopen.o)
                0x00002f86                _fdopen
 .text._fflush  0x00002ff0       0x58 c:/nxp/lpcxpresso_7.3.0_186/lpcxpresso/tools/bin/../lib/gcc/arm-none-eabi/4.8.4/../../../../arm-none-eabi/lib/armv7-m\libcr_c.a(_fflush.o)
                0x00002ff0                _fflush
 .text._frexpl  0x00003048       0x5c c:/nxp/lpcxpresso_7.3.0_186/lpcxpresso/tools/bin/../lib/gcc/arm-none-eabi/4.8.4/../../../../arm-none-eabi/lib/armv7-m\libcr_c.a(_frexpl.o)
                0x00003048                _frexpl
 .text._ldexpl  0x000030a4       0x4c c:/nxp/lpcxpresso_7.3.0_186/lpcxpresso/tools/bin/../lib/gcc/arm-none-eabi/4.8.4/../../../../arm-none-eabi/lib/armv7-m\libcr_c.a(_ldexpl.o)
                0x000030a4                _ldexpl
 .text._Cwritebuf
                0x000030f0       0x70 c:/nxp/lpcxpresso_7.3.0_186/lpcxpresso/tools/bin/../lib/gcc/arm-none-eabi/4.8.4/../../../../arm-none-eabi/lib/armv7-m\libcr_c.a(_writebuf.o)
                0x000030f0                _Cwritebuf
 .text.fclose   0x00003160       0x6c c:/nxp/lpcxpresso_7.3.0_186/lpcxpresso/tools/bin/../lib/gcc/arm-none-eabi/4.8.4/../../../../arm-none-eabi/lib/armv7-m\libcr_c.a(fclose.o)
                0x00003160                fclose
 .text.fflush   0x000031cc       0x30 c:/nxp/lpcxpresso_7.3.0_186/lpcxpresso/tools/bin/../lib/gcc/arm-none-eabi/4.8.4/../../../../arm-none-eabi/lib/armv7-m\libcr_c.a(fflush.o)
                0x000031cc                fflush
 .text.fseek    0x000031fc      0x10c c:/nxp/lpcxpresso_7.3.0_186/lpcxpresso/tools/bin/../lib/gcc/arm-none-eabi/4.8.4/../../../../arm-none-eabi/lib/armv7-m\libcr_c.a(fseek.o)
                0x000031fc                fseek
 .text.ftell    0x00003308       0x4c c:/nxp/lpcxpresso_7.3.0_186/lpcxpresso/tools/bin/../lib/gcc/arm-none-eabi/4.8.4/../../../../arm-none-eabi/lib/armv7-m\libcr_c.a(ftell.o)
                0x00003308                ftell
 .text.remove   0x00003354       0x14 c:/nxp/lpcxpresso_7.3.0_186/lpcxpresso/tools/bin/../lib/gcc/arm-none-eabi/4.8.4/../../../../arm-none-eabi/lib/armv7-m\libcr_c.a(remove.o)
                0x00003354                remove
 .text.__check_heap_overflow
                0x00003368       0x18 c:/nxp/lpcxpresso_7.3.0_186/lpcxpresso/tools/bin/../lib/gcc/arm-none-eabi/4.8.4/../../../../arm-none-eabi/lib/armv7-m\libcr_c.a(_cr_check_heap.o)
                0x00003368                __check_heap_overflow
 .text._do_fflush
                0x00003380       0x44 c:/nxp/lpcxpresso_7.3.0_186/lpcxpresso/tools/bin/../lib/gcc/arm-none-eabi/4.8.4/../../../../arm-none-eabi/lib/armv7-m\libcr_c.a(_do_fflush.o)
                0x00003380                _do_fflush
 .text.__aeabi_dmul
                0x000033c4      0x12c c:/nxp/lpcxpresso_7.3.0_186/lpcxpresso/tools/bin/../lib/gcc/arm-none-eabi/4.8.4/armv7-m\libcr_eabihelpers.a(double.o)
                0x000033c4                __aeabi_dmul
 .text.__aeabi_ddiv
                0x000034f0      0x16c c:/nxp/lpcxpresso_7.3.0_186/lpcxpresso/tools/bin/../lib/gcc/arm-none-eabi/4.8.4/armv7-m\libcr_eabihelpers.a(double.o)
                0x000034f0                __aeabi_ddiv
 .text.__aeabi_dsub
                0x0000365c      0x228 c:/nxp/lpcxpresso_7.3.0_186/lpcxpresso/tools/bin/../lib/gcc/arm-none-eabi/4.8.4/armv7-m\libcr_eabihelpers.a(double.o)
                0x0000365c                __aeabi_dsub
 .text.__aeabi_dadd
                0x00003884      0x178 c:/nxp/lpcxpresso_7.3.0_186/lpcxpresso/tools/bin/../lib/gcc/arm-none-eabi/4.8.4/armv7-m\libcr_eabihelpers.a(double.o)
                0x00003884                __aeabi_dadd
 .text.__aeabi_d2iz
                0x000039fc       0x4c c:/nxp/lpcxpresso_7.3.0_186/lpcxpresso/tools/bin/../lib/gcc/arm-none-eabi/4.8.4/armv7-m\libcr_eabihelpers.a(double.o)
                0x000039fc                __aeabi_d2iz
 .text.__bhs_ui2d
                0x00003a48       0x48 c:/nxp/lpcxpresso_7.3.0_186/lpcxpresso/tools/bin/../lib/gcc/arm-none-eabi/4.8.4/armv7-m\libcr_eabihelpers.a(double.o)
                0x00003a48                __bhs_ui2d
 .text.__aeabi_i2d
                0x00003a90       0x10 c:/nxp/lpcxpresso_7.3.0_186/lpcxpresso/tools/bin/../lib/gcc/arm-none-eabi/4.8.4/armv7-m\libcr_eabihelpers.a(double.o)
                0x00003a90                __aeabi_i2d
 .text.__aeabi_dcmpeq
                0x00003aa0       0x40 c:/nxp/lpcxpresso_7.3.0_186/lpcxpresso/tools/bin/../lib/gcc/arm-none-eabi/4.8.4/armv7-m\libcr_eabihelpers.a(double.o)
                0x00003aa0                __aeabi_dcmpeq
 .text.__aeabi_dcmplt
                0x00003ae0       0x70 c:/nxp/lpcxpresso_7.3.0_186/lpcxpresso/tools/bin/../lib/gcc/arm-none-eabi/4.8.4/armv7-m\libcr_eabihelpers.a(double.o)
                0x00003ae0                __aeabi_dcmplt
 .text.__aeabi_dcmple
                0x00003b50       0x68 c:/nxp/lpcxpresso_7.3.0_186/lpcxpresso/tools/bin/../lib/gcc/arm-none-eabi/4.8.4/armv7-m\libcr_eabihelpers.a(double.o)
                0x00003b50                __aeabi_dcmple
 .text.__aeabi_dcmpge
                0x00003bb8       0x64 c:/nxp/lpcxpresso_7.3.0_186/lpcxpresso/tools/bin/../lib/gcc/arm-none-eabi/4.8.4/armv7-m\libcr_eabihelpers.a(double.o)
                0x00003bb8                __aeabi_dcmpge
 .text.__aeabi_memset_lowlevel
                0x00003c1c       0x2c c:/nxp/lpcxpresso_7.3.0_186/lpcxpresso/tools/bin/../lib/gcc/arm-none-eabi/4.8.4/armv7-m\libcr_eabihelpers.a(memcpy.o)
                0x00003c1c                __aeabi_lowlevel_memset
 .text.__sys_appexit
                0x00003c48        0xc c:/nxp/lpcxpresso_7.3.0_186/lpcxpresso/tools/bin/../lib/gcc/arm-none-eabi/4.8.4/../../../../arm-none-eabi/lib/armv7-m\libcr_semihost.a(__sys_appexit.o)
                0x00003c48                __sys_appexit
                0x00003c48                __exit
 .text.__sys_close
                0x00003c54        0xc c:/nxp/lpcxpresso_7.3.0_186/lpcxpresso/tools/bin/../lib/gcc/arm-none-eabi/4.8.4/../../../../arm-none-eabi/lib/armv7-m\libcr_semihost.a(__sys_close.o)
                0x00003c54                __sys_close
 .text.__sys_flen
                0x00003c60        0xc c:/nxp/lpcxpresso_7.3.0_186/lpcxpresso/tools/bin/../lib/gcc/arm-none-eabi/4.8.4/../../../../arm-none-eabi/lib/armv7-m\libcr_semihost.a(__sys_flen.o)
                0x00003c60                __sys_flen
 .text.__sys_istty
                0x00003c6c        0xc c:/nxp/lpcxpresso_7.3.0_186/lpcxpresso/tools/bin/../lib/gcc/arm-none-eabi/4.8.4/../../../../arm-none-eabi/lib/armv7-m\libcr_semihost.a(__sys_istty.o)
                0x00003c6c                __sys_istty
 .text.__sys_remove
                0x00003c78        0xc c:/nxp/lpcxpresso_7.3.0_186/lpcxpresso/tools/bin/../lib/gcc/arm-none-eabi/4.8.4/../../../../arm-none-eabi/lib/armv7-m\libcr_semihost.a(__sys_remove.o)
                0x00003c78                __sys_remove
 .text.__sys_seek
                0x00003c84        0xc c:/nxp/lpcxpresso_7.3.0_186/lpcxpresso/tools/bin/../lib/gcc/arm-none-eabi/4.8.4/../../../../arm-none-eabi/lib/armv7-m\libcr_semihost.a(__sys_seek.o)
                0x00003c84                __sys_seek
 .text.__sys_time
                0x00003c90        0x6 c:/nxp/lpcxpresso_7.3.0_186/lpcxpresso/tools/bin/../lib/gcc/arm-none-eabi/4.8.4/../../../../arm-none-eabi/lib/armv7-m\libcr_semihost.a(__sys_time.o)
                0x00003c90                __sys_time
 .text.__sys_tmpnam
                0x00003c96        0xc c:/nxp/lpcxpresso_7.3.0_186/lpcxpresso/tools/bin/../lib/gcc/arm-none-eabi/4.8.4/../../../../arm-none-eabi/lib/armv7-m\libcr_semihost.a(__sys_tmpnam.o)
                0x00003c96                __sys_tmpnam
 .text.__sys_write
                0x00003ca2        0xc c:/nxp/lpcxpresso_7.3.0_186/lpcxpresso/tools/bin/../lib/gcc/arm-none-eabi/4.8.4/../../../../arm-none-eabi/lib/armv7-m\libcr_semihost.a(__sys_write.o)
                0x00003ca2                __sys_write
                0x00003ca2                __write
 *(.rodata .rodata.* .constdata .constdata.*)
 *fill*         0x00003cae        0x2 
 .rodata.str1.4
                0x00003cb0       0x1e ./src/ProjWek.o
                                 0x20 (size before relaxing)
 .rodata.str1.4
                0x00000000       0x10 ./src/RIT.o
 *fill*         0x00003cce        0x2 
 .rodata        0x00003cd0        0x4 ./src/somGenerator.o
 .rodata.str1.4
                0x00003cd4       0x18 ./src/states.o
                                 0x1c (size before relaxing)
 .rodata.str1.1
                0x00003cec       0x18 c:/nxp/lpcxpresso_7.3.0_186/lpcxpresso/tools/bin/../lib/gcc/arm-none-eabi/4.8.4/../../../../arm-none-eabi/lib/armv7-m\libcr_c.a(alloc.o)
 .rodata.str1.1
                0x00003d04       0x34 c:/nxp/lpcxpresso_7.3.0_186/lpcxpresso/tools/bin/../lib/gcc/arm-none-eabi/4.8.4/../../../../arm-none-eabi/lib/armv7-m\libcr_c.a(fpprintf.o)
                                 0x35 (size before relaxing)
 .rodata.str1.1
                0x00003d38        0x4 c:/nxp/lpcxpresso_7.3.0_186/lpcxpresso/tools/bin/../lib/gcc/arm-none-eabi/4.8.4/../../../../arm-none-eabi/lib/armv7-m\libcr_c.a(initio.o)
 .rodata.str1.1
                0x00003d3c       0x31 c:/nxp/lpcxpresso_7.3.0_186/lpcxpresso/tools/bin/../lib/gcc/arm-none-eabi/4.8.4/../../../../arm-none-eabi/lib/armv7-m\libcr_c.a(printf.o)
                                 0x38 (size before relaxing)
 *fill*         0x00003d6d        0x3 
 .rodata.__huge_vall
                0x00003d70        0x8 c:/nxp/lpcxpresso_7.3.0_186/lpcxpresso/tools/bin/../lib/gcc/arm-none-eabi/4.8.4/../../../../arm-none-eabi/lib/armv7-m\libcr_c.a(_hugeval.o)
                0x00003d70                __huge_vall
 .rodata.__ctype
                0x00003d78      0x180 c:/nxp/lpcxpresso_7.3.0_186/lpcxpresso/tools/bin/../lib/gcc/arm-none-eabi/4.8.4/../../../../arm-none-eabi/lib/armv7-m\libcr_c.a(ctype.o)
                0x00003d78                __ctype
                0x00003ef8                . = ALIGN (0x4)

.glue_7         0x00003ef8        0x0
 .glue_7        0x00000000        0x0 linker stubs

.glue_7t        0x00003ef8        0x0
 .glue_7t       0x00000000        0x0 linker stubs

.vfp11_veneer   0x00003ef8        0x0
 .vfp11_veneer  0x00000000        0x0 linker stubs

.v4_bx          0x00003ef8        0x0
 .v4_bx         0x00000000        0x0 linker stubs

.iplt           0x00003ef8        0x0
 .iplt          0x00000000        0x0 ./src/Alarm.o

.rel.dyn        0x00003ef8        0x0
 .rel.iplt      0x00000000        0x0 ./src/Alarm.o

.ARM.extab
 *(.ARM.extab* .gnu.linkonce.armextab.*)
                0x00003ef8                __exidx_start = .

.ARM.exidx
 *(.ARM.exidx* .gnu.linkonce.armexidx.*)
                0x00003ef8                __exidx_end = .
                0x00003ef8                _etext = .

.data_RAM2      0x2007c000        0x0 load address 0x00003ef8
 FILL mask 0xff
 *(.ramfunc.$RAM2)
 *(.ramfunc.$RamAHB32)
 *(.data.$RAM2*)
 *(.data.$RamAHB32*)
                0x2007c000                . = ALIGN (0x4)

.uninit_RESERVED
                0x10000000        0x0
 *(.bss.$RESERVED*)
                0x10000000                . = ALIGN (0x4)
                0x10000000                _end_uninit_RESERVED = .

.data           0x10000000      0x924 load address 0x00003ef8
 FILL mask 0xff
                0x10000000                _data = .
 *(vtable)
 *(.ramfunc*)
 *(.data*)
 .data.alarmTime
                0x10000000        0x8 ./src/ProjWek.o
                0x10000000                alarmTime
 .data.bytesToReceive
                0x10000008        0x4 ./src/RTC.o
                0x10000008                bytesToReceive
 .data.THREE    0x1000000c       0x8c ./src/display.o
                0x1000000c                THREE
 .data.NINE     0x10000098       0x8c ./src/display.o
                0x10000098                NINE
 .data.DIVIDE   0x10000124       0x8c ./src/display.o
                0x10000124                DIVIDE
 .data.SEVEN    0x100001b0       0x8c ./src/display.o
                0x100001b0                SEVEN
 .data.FIVE     0x1000023c       0x8c ./src/display.o
                0x1000023c                FIVE
 .data.PLUS     0x100002c8       0x8c ./src/display.o
                0x100002c8                PLUS
 .data.ZERO     0x10000354       0x8c ./src/display.o
                0x10000354                ZERO
 .data.TWO      0x100003e0       0x8c ./src/display.o
                0x100003e0                TWO
 .data.COLON    0x1000046c       0x8c ./src/display.o
                0x1000046c                COLON
 .data.FOUR     0x100004f8       0x8c ./src/display.o
                0x100004f8                FOUR
 .data.ONE      0x10000584       0x8c ./src/display.o
                0x10000584                ONE
 .data.SIX      0x10000610       0x8c ./src/display.o
                0x10000610                SIX
 .data.MULTIPLY
                0x1000069c       0x8c ./src/display.o
                0x1000069c                MULTIPLY
 .data.EIGHT    0x10000728       0x8c ./src/display.o
                0x10000728                EIGHT
 .data.MINUS    0x100007b4       0x8c ./src/display.o
                0x100007b4                MINUS
 .data._random_number_seed
                0x10000840       0xdc c:/nxp/lpcxpresso_7.3.0_186/lpcxpresso/tools/bin/../lib/gcc/arm-none-eabi/4.8.4/../../../../arm-none-eabi/lib/armv7-m\libcr_c.a(stdlib.o)
 .data._random_j
                0x1000091c        0x4 c:/nxp/lpcxpresso_7.3.0_186/lpcxpresso/tools/bin/../lib/gcc/arm-none-eabi/4.8.4/../../../../arm-none-eabi/lib/armv7-m\libcr_c.a(stdlib.o)
 .data._random_k
                0x10000920        0x4 c:/nxp/lpcxpresso_7.3.0_186/lpcxpresso/tools/bin/../lib/gcc/arm-none-eabi/4.8.4/../../../../arm-none-eabi/lib/armv7-m\libcr_c.a(stdlib.o)
                0x10000924                . = ALIGN (0x4)
                0x10000924                _edata = .

.igot.plt       0x10000924        0x0 load address 0x0000481c
 .igot.plt      0x00000000        0x0 ./src/Alarm.o

.bss_RAM2       0x2007c000        0x0
 *(.bss.$RAM2*)
 *(.bss.$RamAHB32*)
                0x2007c000                . = ALIGN (0x4)

.bss            0x10000924     0x3440
                0x10000924                _bss = .
 *(.bss*)
 .bss.count     0x10000924        0x4 ./src/RC5.o
                0x10000924                count
 .bss.commandCount
                0x10000928        0x4 ./src/RC5.o
                0x10000928                commandCount
 .bss.array     0x1000092c        0xc ./src/RIT.o
                0x1000092c                array
 .bss.timePointer
                0x10000938        0x4 ./src/RTC.o
                0x10000938                timePointer
 .bss.rw        0x1000093c        0x4 ./src/RTC.o
                0x1000093c                rw
 .bss.regAdress
                0x10000940        0x4 ./src/RTC.o
                0x10000940                regAdress
 .bss.dataRead  0x10000944        0x4 ./src/RTC.o
                0x10000944                dataRead
 .bss.bytesToSend
                0x10000948        0x4 ./src/RTC.o
                0x10000948                bytesToSend
 .bss.reading   0x1000094c        0x4 ./src/RTC.o
                0x1000094c                reading
 .bss.dataPointer
                0x10000950        0x4 ./src/RTC.o
                0x10000950                dataPointer
 .bss.DEFAULT   0x10000954       0x8c ./src/display.o
                0x10000954                DEFAULT
 .bss.errno     0x100009e0        0x4 c:/nxp/lpcxpresso_7.3.0_186/lpcxpresso/tools/bin/../lib/gcc/arm-none-eabi/4.8.4/../../../../arm-none-eabi/lib/armv7-m\libcr_c.a(errno.o)
                0x100009e0                errno
 *(COMMON)
 COMMON         0x100009e4        0x5 ./src/ProjWek.o
                0x100009e4                output
 *fill*         0x100009e9        0x3 
 COMMON         0x100009ec     0x3218 ./src/RC5.o
                0x100009ec                lastbit
                0x100009f0                realCommand
                0x100009f4                command
                0x100009f8                currentToggle
                0x100009fc                lastToggle
                0x10000a00                currentbit
                0x10000a04                test
                0x10002944                interval
                0x100038e4                realCommands
                0x10003a74                commands
 COMMON         0x10003c04        0xc ./src/RIT.o
                0x10003c04                lastValues
 COMMON         0x10003c10        0x7 ./src/RTC.o
                0x10003c10                timeOfRTC
                0x10003c14                data
 *fill*         0x10003c17        0x1 
 COMMON         0x10003c18        0x4 c:/nxp/lpcxpresso_7.3.0_186/lpcxpresso/tools/bin/../lib/gcc/arm-none-eabi/4.8.4/../../../../arm-none-eabi/lib/armv7-m\libcr_c.a(initio.o)
                0x10003c18                _extra
 COMMON         0x10003c1c      0x140 c:/nxp/lpcxpresso_7.3.0_186/lpcxpresso/tools/bin/../lib/gcc/arm-none-eabi/4.8.4/../../../../arm-none-eabi/lib/armv7-m\libcr_c.a(stdio.o)
                0x10003c1c                __Ciob
 COMMON         0x10003d5c        0x8 c:/nxp/lpcxpresso_7.3.0_186/lpcxpresso/tools/bin/../lib/gcc/arm-none-eabi/4.8.4/../../../../arm-none-eabi/lib/armv7-m\libcr_c.a(__init_alloc.o)
                0x10003d5c                __heaps
                0x10003d60                __end_of_heap
                0x10003d64                . = ALIGN (0x4)
                0x10003d64                _ebss = .
                0x10003d64                PROVIDE (end, .)

.noinit_RAM2    0x2007c000        0x0
 *(.noinit.$RAM2*)
 *(.noinit.$RamAHB32*)
                0x2007c000                . = ALIGN (0x4)

.noinit         0x10003d64        0x0
                0x10003d64                _noinit = .
 *(.noinit*)
                0x10003d64                . = ALIGN (0x4)
                0x10003d64                _end_noinit = .
                0x10003d64                PROVIDE (_pvHeapStart, .)
                0x10008000                PROVIDE (_vStackTop, (__top_RamLoc32 - 0x0))
OUTPUT(ProjWek.axf elf32-littlearm)

.debug_info     0x00000000     0x2413
 .debug_info    0x00000000      0x16a ./src/Alarm.o
 .debug_info    0x0000016a      0x559 ./src/ProjWek.o
 .debug_info    0x000006c3      0x221 ./src/RC5.o
 .debug_info    0x000008e4      0x34f ./src/RIT.o
 .debug_info    0x00000c33      0x409 ./src/RTC.o
 .debug_info    0x0000103c      0x277 ./src/cr_startup_lpc175x_6x.o
 .debug_info    0x000012b3      0x59a ./src/display.o
 .debug_info    0x0000184d      0x32f ./src/somGenerator.o
 .debug_info    0x00001b7c      0x75c ./src/states.o
 .debug_info    0x000022d8      0x13b ./src/timer.o

.debug_abbrev   0x00000000      0xc14
 .debug_abbrev  0x00000000       0x9d ./src/Alarm.o
 .debug_abbrev  0x0000009d      0x1b4 ./src/ProjWek.o
 .debug_abbrev  0x00000251       0xf5 ./src/RC5.o
 .debug_abbrev  0x00000346      0x115 ./src/RIT.o
 .debug_abbrev  0x0000045b      0x152 ./src/RTC.o
 .debug_abbrev  0x000005ad      0x111 ./src/cr_startup_lpc175x_6x.o
 .debug_abbrev  0x000006be      0x168 ./src/display.o
 .debug_abbrev  0x00000826      0x16b ./src/somGenerator.o
 .debug_abbrev  0x00000991      0x18b ./src/states.o
 .debug_abbrev  0x00000b1c       0xf8 ./src/timer.o

.debug_loc      0x00000000      0xa1b
 .debug_loc     0x00000000       0x6c ./src/Alarm.o
 .debug_loc     0x0000006c      0x110 ./src/ProjWek.o
 .debug_loc     0x0000017c       0x40 ./src/RC5.o
 .debug_loc     0x000001bc      0x1b9 ./src/RTC.o
 .debug_loc     0x00000375      0x1d1 ./src/cr_startup_lpc175x_6x.o
 .debug_loc     0x00000546      0x1f6 ./src/display.o
 .debug_loc     0x0000073c      0x142 ./src/somGenerator.o
 .debug_loc     0x0000087e      0x15d ./src/states.o
 .debug_loc     0x000009db       0x40 ./src/timer.o

.debug_aranges  0x00000000      0x2e8
 .debug_aranges
                0x00000000       0x20 ./src/Alarm.o
 .debug_aranges
                0x00000020       0x48 ./src/ProjWek.o
 .debug_aranges
                0x00000068       0x30 ./src/RC5.o
 .debug_aranges
                0x00000098       0x28 ./src/RIT.o
 .debug_aranges
                0x000000c0       0x90 ./src/RTC.o
 .debug_aranges
                0x00000150       0x80 ./src/cr_startup_lpc175x_6x.o
 .debug_aranges
                0x000001d0       0x50 ./src/display.o
 .debug_aranges
                0x00000220       0x38 ./src/somGenerator.o
 .debug_aranges
                0x00000258       0x30 ./src/states.o
 .debug_aranges
                0x00000288       0x60 ./src/timer.o

.debug_ranges   0x00000000      0x248
 .debug_ranges  0x00000000       0x10 ./src/Alarm.o
 .debug_ranges  0x00000010       0x38 ./src/ProjWek.o
 .debug_ranges  0x00000048       0x20 ./src/RC5.o
 .debug_ranges  0x00000068       0x18 ./src/RIT.o
 .debug_ranges  0x00000080       0x80 ./src/RTC.o
 .debug_ranges  0x00000100       0x70 ./src/cr_startup_lpc175x_6x.o
 .debug_ranges  0x00000170       0x40 ./src/display.o
 .debug_ranges  0x000001b0       0x28 ./src/somGenerator.o
 .debug_ranges  0x000001d8       0x20 ./src/states.o
 .debug_ranges  0x000001f8       0x50 ./src/timer.o

.debug_macro    0x00000000     0x108b
 .debug_macro   0x00000000       0x29 ./src/Alarm.o
 .debug_macro   0x00000029      0x856 ./src/Alarm.o
 .debug_macro   0x0000087f       0x3a ./src/Alarm.o
 .debug_macro   0x000008b9       0x1c ./src/Alarm.o
 .debug_macro   0x000008d5       0xca ./src/ProjWek.o
 .debug_macro   0x0000099f       0x82 ./src/ProjWek.o
 .debug_macro   0x00000a21       0x10 ./src/ProjWek.o
 .debug_macro   0x00000a31      0x122 ./src/ProjWek.o
 .debug_macro   0x00000b53       0xa0 ./src/ProjWek.o
 .debug_macro   0x00000bf3       0x1c ./src/ProjWek.o
 .debug_macro   0x00000c0f       0x22 ./src/ProjWek.o
 .debug_macro   0x00000c31       0x16 ./src/ProjWek.o
 .debug_macro   0x00000c47       0x2e ./src/ProjWek.o
 .debug_macro   0x00000c75       0x34 ./src/ProjWek.o
 .debug_macro   0x00000ca9       0x22 ./src/ProjWek.o
 .debug_macro   0x00000ccb       0x7c ./src/ProjWek.o
 .debug_macro   0x00000d47       0x22 ./src/ProjWek.o
 .debug_macro   0x00000d69       0x23 ./src/RC5.o
 .debug_macro   0x00000d8c       0x66 ./src/RIT.o
 .debug_macro   0x00000df2       0x1c ./src/RIT.o
 .debug_macro   0x00000e0e       0x45 ./src/RTC.o
 .debug_macro   0x00000e53       0x1d ./src/cr_startup_lpc175x_6x.o
 .debug_macro   0x00000e70       0x23 ./src/display.o
 .debug_macro   0x00000e93       0x7a ./src/somGenerator.o
 .debug_macro   0x00000f0d       0xa2 ./src/states.o
 .debug_macro   0x00000faf       0x28 ./src/states.o
 .debug_macro   0x00000fd7       0x9a ./src/states.o
 .debug_macro   0x00001071       0x1a ./src/timer.o

.debug_line     0x00000000      0xec6
 .debug_line    0x00000000       0x5f ./src/Alarm.o
 .debug_line    0x0000005f      0x2cf ./src/ProjWek.o
 .debug_line    0x0000032e       0xc5 ./src/RC5.o
 .debug_line    0x000003f3      0x168 ./src/RIT.o
 .debug_line    0x0000055b      0x27f ./src/RTC.o
 .debug_line    0x000007da       0xaa ./src/cr_startup_lpc175x_6x.o
 .debug_line    0x00000884      0x186 ./src/display.o
 .debug_line    0x00000a0a      0x18d ./src/somGenerator.o
 .debug_line    0x00000b97      0x23e ./src/states.o
 .debug_line    0x00000dd5       0xf1 ./src/timer.o

.debug_str      0x00000000     0x3e90
 .debug_str     0x00000000     0x2498 ./src/Alarm.o
                               0x24a5 (size before relaxing)
 .debug_str     0x00002498     0x13d7 ./src/ProjWek.o
                               0x38c6 (size before relaxing)
 .debug_str     0x0000386f       0x98 ./src/RC5.o
                               0x2716 (size before relaxing)
 .debug_str     0x00003907       0x38 ./src/RIT.o
                               0x30d3 (size before relaxing)
 .debug_str     0x0000393f      0x13e ./src/RTC.o
                               0x2f8e (size before relaxing)
 .debug_str     0x00003a7d      0x1c9 ./src/cr_startup_lpc175x_6x.o
                               0x25b3 (size before relaxing)
 .debug_str     0x00003c46       0xb4 ./src/display.o
                               0x2668 (size before relaxing)
 .debug_str     0x00003cfa       0x99 ./src/somGenerator.o
                               0x2d4c (size before relaxing)
 .debug_str     0x00003d93       0xb6 ./src/states.o
                               0x304a (size before relaxing)
 .debug_str     0x00003e49       0x47 ./src/timer.o
                               0x2564 (size before relaxing)

.comment        0x00000000       0xe0
 .comment       0x00000000       0x70 ./src/Alarm.o
                                 0x71 (size before relaxing)
 .comment       0x00000000       0x71 ./src/ProjWek.o
 .comment       0x00000000       0x71 ./src/RC5.o
 .comment       0x00000000       0x71 ./src/RIT.o
 .comment       0x00000000       0x71 ./src/RTC.o
 .comment       0x00000000       0x71 ./src/cr_startup_lpc175x_6x.o
 .comment       0x00000000       0x71 ./src/display.o
 .comment       0x00000000       0x71 ./src/somGenerator.o
 .comment       0x00000000       0x71 ./src/states.o
 .comment       0x00000000       0x71 ./src/timer.o
 .comment       0x00000070       0x70 c:/nxp/lpcxpresso_7.3.0_186/lpcxpresso/tools/bin/../lib/gcc/arm-none-eabi/4.8.4/../../../../arm-none-eabi/lib/armv7-m\libcr_semihost.a(_cr__main.o)
                                 0x71 (size before relaxing)
 .comment       0x00000000       0x71 c:/nxp/lpcxpresso_7.3.0_186/lpcxpresso/tools/bin/../lib/gcc/arm-none-eabi/4.8.4/../../../../arm-none-eabi/lib/armv7-m\libcr_c.a(memset.o)
 .comment       0x00000000       0x71 c:/nxp/lpcxpresso_7.3.0_186/lpcxpresso/tools/bin/../lib/gcc/arm-none-eabi/4.8.4/../../../../arm-none-eabi/lib/armv7-m\libcr_c.a(alloc.o)
 .comment       0x00000000       0x71 c:/nxp/lpcxpresso_7.3.0_186/lpcxpresso/tools/bin/../lib/gcc/arm-none-eabi/4.8.4/../../../../arm-none-eabi/lib/armv7-m\libcr_c.a(cr_time.o)
 .comment       0x00000000       0x71 c:/nxp/lpcxpresso_7.3.0_186/lpcxpresso/tools/bin/../lib/gcc/arm-none-eabi/4.8.4/../../../../arm-none-eabi/lib/armv7-m\libcr_c.a(fpprintf.o)
 .comment       0x00000000       0x71 c:/nxp/lpcxpresso_7.3.0_186/lpcxpresso/tools/bin/../lib/gcc/arm-none-eabi/4.8.4/../../../../arm-none-eabi/lib/armv7-m\libcr_c.a(initio.o)
 .comment       0x00000000       0x71 c:/nxp/lpcxpresso_7.3.0_186/lpcxpresso/tools/bin/../lib/gcc/arm-none-eabi/4.8.4/../../../../arm-none-eabi/lib/armv7-m\libcr_c.a(printf.o)
 .comment       0x00000000       0x71 c:/nxp/lpcxpresso_7.3.0_186/lpcxpresso/tools/bin/../lib/gcc/arm-none-eabi/4.8.4/../../../../arm-none-eabi/lib/armv7-m\libcr_c.a(scanf.o)
 .comment       0x00000000       0x71 c:/nxp/lpcxpresso_7.3.0_186/lpcxpresso/tools/bin/../lib/gcc/arm-none-eabi/4.8.4/../../../../arm-none-eabi/lib/armv7-m\libcr_c.a(setvbuf.o)
 .comment       0x00000000       0x71 c:/nxp/lpcxpresso_7.3.0_186/lpcxpresso/tools/bin/../lib/gcc/arm-none-eabi/4.8.4/../../../../arm-none-eabi/lib/armv7-m\libcr_c.a(stdio.o)
 .comment       0x00000000       0x71 c:/nxp/lpcxpresso_7.3.0_186/lpcxpresso/tools/bin/../lib/gcc/arm-none-eabi/4.8.4/../../../../arm-none-eabi/lib/armv7-m\libcr_c.a(stdlib.o)
 .comment       0x00000000       0x71 c:/nxp/lpcxpresso_7.3.0_186/lpcxpresso/tools/bin/../lib/gcc/arm-none-eabi/4.8.4/../../../../arm-none-eabi/lib/armv7-m\libcr_c.a(strcat.o)
 .comment       0x00000000       0x71 c:/nxp/lpcxpresso_7.3.0_186/lpcxpresso/tools/bin/../lib/gcc/arm-none-eabi/4.8.4/../../../../arm-none-eabi/lib/armv7-m\libcr_c.a(strcpy.o)
 .comment       0x00000000       0x71 c:/nxp/lpcxpresso_7.3.0_186/lpcxpresso/tools/bin/../lib/gcc/arm-none-eabi/4.8.4/../../../../arm-none-eabi/lib/armv7-m\libcr_c.a(strlen.o)
 .comment       0x00000000       0x71 c:/nxp/lpcxpresso_7.3.0_186/lpcxpresso/tools/bin/../lib/gcc/arm-none-eabi/4.8.4/../../../../arm-none-eabi/lib/armv7-m\libcr_c.a(strncpy.o)
 .comment       0x00000000       0x71 c:/nxp/lpcxpresso_7.3.0_186/lpcxpresso/tools/bin/../lib/gcc/arm-none-eabi/4.8.4/../../../../arm-none-eabi/lib/armv7-m\libcr_c.a(__init_alloc.o)
 .comment       0x00000000       0x71 c:/nxp/lpcxpresso_7.3.0_186/lpcxpresso/tools/bin/../lib/gcc/arm-none-eabi/4.8.4/../../../../arm-none-eabi/lib/armv7-m\libcr_c.a(_cr_sbrk.o)
 .comment       0x00000000       0x71 c:/nxp/lpcxpresso_7.3.0_186/lpcxpresso/tools/bin/../lib/gcc/arm-none-eabi/4.8.4/../../../../arm-none-eabi/lib/armv7-m\libcr_c.a(_deferredlazyseek.o)
 .comment       0x00000000       0x71 c:/nxp/lpcxpresso_7.3.0_186/lpcxpresso/tools/bin/../lib/gcc/arm-none-eabi/4.8.4/../../../../arm-none-eabi/lib/armv7-m\libcr_c.a(_fdopen.o)
 .comment       0x00000000       0x71 c:/nxp/lpcxpresso_7.3.0_186/lpcxpresso/tools/bin/../lib/gcc/arm-none-eabi/4.8.4/../../../../arm-none-eabi/lib/armv7-m\libcr_c.a(_fflush.o)
 .comment       0x00000000       0x71 c:/nxp/lpcxpresso_7.3.0_186/lpcxpresso/tools/bin/../lib/gcc/arm-none-eabi/4.8.4/../../../../arm-none-eabi/lib/armv7-m\libcr_c.a(_frexpl.o)
 .comment       0x00000000       0x71 c:/nxp/lpcxpresso_7.3.0_186/lpcxpresso/tools/bin/../lib/gcc/arm-none-eabi/4.8.4/../../../../arm-none-eabi/lib/armv7-m\libcr_c.a(_hugeval.o)
 .comment       0x00000000       0x71 c:/nxp/lpcxpresso_7.3.0_186/lpcxpresso/tools/bin/../lib/gcc/arm-none-eabi/4.8.4/../../../../arm-none-eabi/lib/armv7-m\libcr_c.a(_ldexpl.o)
 .comment       0x00000000       0x71 c:/nxp/lpcxpresso_7.3.0_186/lpcxpresso/tools/bin/../lib/gcc/arm-none-eabi/4.8.4/../../../../arm-none-eabi/lib/armv7-m\libcr_c.a(_writebuf.o)
 .comment       0x00000000       0x71 c:/nxp/lpcxpresso_7.3.0_186/lpcxpresso/tools/bin/../lib/gcc/arm-none-eabi/4.8.4/../../../../arm-none-eabi/lib/armv7-m\libcr_c.a(ctype.o)
 .comment       0x00000000       0x71 c:/nxp/lpcxpresso_7.3.0_186/lpcxpresso/tools/bin/../lib/gcc/arm-none-eabi/4.8.4/../../../../arm-none-eabi/lib/armv7-m\libcr_c.a(errno.o)
 .comment       0x00000000       0x71 c:/nxp/lpcxpresso_7.3.0_186/lpcxpresso/tools/bin/../lib/gcc/arm-none-eabi/4.8.4/../../../../arm-none-eabi/lib/armv7-m\libcr_c.a(fclose.o)
 .comment       0x00000000       0x71 c:/nxp/lpcxpresso_7.3.0_186/lpcxpresso/tools/bin/../lib/gcc/arm-none-eabi/4.8.4/../../../../arm-none-eabi/lib/armv7-m\libcr_c.a(fflush.o)
 .comment       0x00000000       0x71 c:/nxp/lpcxpresso_7.3.0_186/lpcxpresso/tools/bin/../lib/gcc/arm-none-eabi/4.8.4/../../../../arm-none-eabi/lib/armv7-m\libcr_c.a(fseek.o)
 .comment       0x00000000       0x71 c:/nxp/lpcxpresso_7.3.0_186/lpcxpresso/tools/bin/../lib/gcc/arm-none-eabi/4.8.4/../../../../arm-none-eabi/lib/armv7-m\libcr_c.a(ftell.o)
 .comment       0x00000000       0x71 c:/nxp/lpcxpresso_7.3.0_186/lpcxpresso/tools/bin/../lib/gcc/arm-none-eabi/4.8.4/../../../../arm-none-eabi/lib/armv7-m\libcr_c.a(remove.o)
 .comment       0x00000000       0x71 c:/nxp/lpcxpresso_7.3.0_186/lpcxpresso/tools/bin/../lib/gcc/arm-none-eabi/4.8.4/../../../../arm-none-eabi/lib/armv7-m\libcr_c.a(_cr_check_heap.o)
 .comment       0x00000000       0x71 c:/nxp/lpcxpresso_7.3.0_186/lpcxpresso/tools/bin/../lib/gcc/arm-none-eabi/4.8.4/../../../../arm-none-eabi/lib/armv7-m\libcr_c.a(_do_fflush.o)
 .comment       0x00000000       0x71 c:/nxp/lpcxpresso_7.3.0_186/lpcxpresso/tools/bin/../lib/gcc/arm-none-eabi/4.8.4/armv7-m\libcr_eabihelpers.a(double.o)

.ARM.attributes
                0x00000000       0x31
 .ARM.attributes
                0x00000000       0x33 ./src/Alarm.o
 .ARM.attributes
                0x00000033       0x33 ./src/ProjWek.o
 .ARM.attributes
                0x00000066       0x33 ./src/RC5.o
 .ARM.attributes
                0x00000099       0x33 ./src/RIT.o
 .ARM.attributes
                0x000000cc       0x33 ./src/RTC.o
 .ARM.attributes
                0x000000ff       0x33 ./src/cr_startup_lpc175x_6x.o
 .ARM.attributes
                0x00000132       0x33 ./src/display.o
 .ARM.attributes
                0x00000165       0x33 ./src/somGenerator.o
 .ARM.attributes
                0x00000198       0x33 ./src/states.o
 .ARM.attributes
                0x000001cb       0x33 ./src/timer.o
 .ARM.attributes
                0x000001fe       0x33 c:/nxp/lpcxpresso_7.3.0_186/lpcxpresso/tools/bin/../lib/gcc/arm-none-eabi/4.8.4/../../../../arm-none-eabi/lib/armv7-m\libcr_semihost.a(_cr__main.o)
 .ARM.attributes
                0x00000231       0x33 c:/nxp/lpcxpresso_7.3.0_186/lpcxpresso/tools/bin/../lib/gcc/arm-none-eabi/4.8.4/../../../../arm-none-eabi/lib/armv7-m\libcr_c.a(memset.o)
 .ARM.attributes
                0x00000264       0x33 c:/nxp/lpcxpresso_7.3.0_186/lpcxpresso/tools/bin/../lib/gcc/arm-none-eabi/4.8.4/../../../../arm-none-eabi/lib/armv7-m\libcr_c.a(alloc.o)
 .ARM.attributes
                0x00000297       0x33 c:/nxp/lpcxpresso_7.3.0_186/lpcxpresso/tools/bin/../lib/gcc/arm-none-eabi/4.8.4/../../../../arm-none-eabi/lib/armv7-m\libcr_c.a(cr_time.o)
 .ARM.attributes
                0x000002ca       0x33 c:/nxp/lpcxpresso_7.3.0_186/lpcxpresso/tools/bin/../lib/gcc/arm-none-eabi/4.8.4/../../../../arm-none-eabi/lib/armv7-m\libcr_c.a(fpprintf.o)
 .ARM.attributes
                0x000002fd       0x33 c:/nxp/lpcxpresso_7.3.0_186/lpcxpresso/tools/bin/../lib/gcc/arm-none-eabi/4.8.4/../../../../arm-none-eabi/lib/armv7-m\libcr_c.a(initio.o)
 .ARM.attributes
                0x00000330       0x33 c:/nxp/lpcxpresso_7.3.0_186/lpcxpresso/tools/bin/../lib/gcc/arm-none-eabi/4.8.4/../../../../arm-none-eabi/lib/armv7-m\libcr_c.a(printf.o)
 .ARM.attributes
                0x00000363       0x33 c:/nxp/lpcxpresso_7.3.0_186/lpcxpresso/tools/bin/../lib/gcc/arm-none-eabi/4.8.4/../../../../arm-none-eabi/lib/armv7-m\libcr_c.a(scanf.o)
 .ARM.attributes
                0x00000396       0x33 c:/nxp/lpcxpresso_7.3.0_186/lpcxpresso/tools/bin/../lib/gcc/arm-none-eabi/4.8.4/../../../../arm-none-eabi/lib/armv7-m\libcr_c.a(setvbuf.o)
 .ARM.attributes
                0x000003c9       0x33 c:/nxp/lpcxpresso_7.3.0_186/lpcxpresso/tools/bin/../lib/gcc/arm-none-eabi/4.8.4/../../../../arm-none-eabi/lib/armv7-m\libcr_c.a(stdio.o)
 .ARM.attributes
                0x000003fc       0x33 c:/nxp/lpcxpresso_7.3.0_186/lpcxpresso/tools/bin/../lib/gcc/arm-none-eabi/4.8.4/../../../../arm-none-eabi/lib/armv7-m\libcr_c.a(stdlib.o)
 .ARM.attributes
                0x0000042f       0x33 c:/nxp/lpcxpresso_7.3.0_186/lpcxpresso/tools/bin/../lib/gcc/arm-none-eabi/4.8.4/../../../../arm-none-eabi/lib/armv7-m\libcr_c.a(strcat.o)
 .ARM.attributes
                0x00000462       0x33 c:/nxp/lpcxpresso_7.3.0_186/lpcxpresso/tools/bin/../lib/gcc/arm-none-eabi/4.8.4/../../../../arm-none-eabi/lib/armv7-m\libcr_c.a(strcpy.o)
 .ARM.attributes
                0x00000495       0x33 c:/nxp/lpcxpresso_7.3.0_186/lpcxpresso/tools/bin/../lib/gcc/arm-none-eabi/4.8.4/../../../../arm-none-eabi/lib/armv7-m\libcr_c.a(strlen.o)
 .ARM.attributes
                0x000004c8       0x33 c:/nxp/lpcxpresso_7.3.0_186/lpcxpresso/tools/bin/../lib/gcc/arm-none-eabi/4.8.4/../../../../arm-none-eabi/lib/armv7-m\libcr_c.a(strncpy.o)
 .ARM.attributes
                0x000004fb       0x33 c:/nxp/lpcxpresso_7.3.0_186/lpcxpresso/tools/bin/../lib/gcc/arm-none-eabi/4.8.4/../../../../arm-none-eabi/lib/armv7-m\libcr_c.a(__init_alloc.o)
 .ARM.attributes
                0x0000052e       0x33 c:/nxp/lpcxpresso_7.3.0_186/lpcxpresso/tools/bin/../lib/gcc/arm-none-eabi/4.8.4/../../../../arm-none-eabi/lib/armv7-m\libcr_c.a(_cr_sbrk.o)
 .ARM.attributes
                0x00000561       0x33 c:/nxp/lpcxpresso_7.3.0_186/lpcxpresso/tools/bin/../lib/gcc/arm-none-eabi/4.8.4/../../../../arm-none-eabi/lib/armv7-m\libcr_c.a(_deferredlazyseek.o)
 .ARM.attributes
                0x00000594       0x33 c:/nxp/lpcxpresso_7.3.0_186/lpcxpresso/tools/bin/../lib/gcc/arm-none-eabi/4.8.4/../../../../arm-none-eabi/lib/armv7-m\libcr_c.a(_fdopen.o)
 .ARM.attributes
                0x000005c7       0x33 c:/nxp/lpcxpresso_7.3.0_186/lpcxpresso/tools/bin/../lib/gcc/arm-none-eabi/4.8.4/../../../../arm-none-eabi/lib/armv7-m\libcr_c.a(_fflush.o)
 .ARM.attributes
                0x000005fa       0x33 c:/nxp/lpcxpresso_7.3.0_186/lpcxpresso/tools/bin/../lib/gcc/arm-none-eabi/4.8.4/../../../../arm-none-eabi/lib/armv7-m\libcr_c.a(_frexpl.o)
 .ARM.attributes
                0x0000062d       0x33 c:/nxp/lpcxpresso_7.3.0_186/lpcxpresso/tools/bin/../lib/gcc/arm-none-eabi/4.8.4/../../../../arm-none-eabi/lib/armv7-m\libcr_c.a(_hugeval.o)
 .ARM.attributes
                0x00000660       0x33 c:/nxp/lpcxpresso_7.3.0_186/lpcxpresso/tools/bin/../lib/gcc/arm-none-eabi/4.8.4/../../../../arm-none-eabi/lib/armv7-m\libcr_c.a(_ldexpl.o)
 .ARM.attributes
                0x00000693       0x33 c:/nxp/lpcxpresso_7.3.0_186/lpcxpresso/tools/bin/../lib/gcc/arm-none-eabi/4.8.4/../../../../arm-none-eabi/lib/armv7-m\libcr_c.a(_writebuf.o)
 .ARM.attributes
                0x000006c6       0x33 c:/nxp/lpcxpresso_7.3.0_186/lpcxpresso/tools/bin/../lib/gcc/arm-none-eabi/4.8.4/../../../../arm-none-eabi/lib/armv7-m\libcr_c.a(ctype.o)
 .ARM.attributes
                0x000006f9       0x33 c:/nxp/lpcxpresso_7.3.0_186/lpcxpresso/tools/bin/../lib/gcc/arm-none-eabi/4.8.4/../../../../arm-none-eabi/lib/armv7-m\libcr_c.a(errno.o)
 .ARM.attributes
                0x0000072c       0x33 c:/nxp/lpcxpresso_7.3.0_186/lpcxpresso/tools/bin/../lib/gcc/arm-none-eabi/4.8.4/../../../../arm-none-eabi/lib/armv7-m\libcr_c.a(fclose.o)
 .ARM.attributes
                0x0000075f       0x33 c:/nxp/lpcxpresso_7.3.0_186/lpcxpresso/tools/bin/../lib/gcc/arm-none-eabi/4.8.4/../../../../arm-none-eabi/lib/armv7-m\libcr_c.a(fflush.o)
 .ARM.attributes
                0x00000792       0x33 c:/nxp/lpcxpresso_7.3.0_186/lpcxpresso/tools/bin/../lib/gcc/arm-none-eabi/4.8.4/../../../../arm-none-eabi/lib/armv7-m\libcr_c.a(fseek.o)
 .ARM.attributes
                0x000007c5       0x33 c:/nxp/lpcxpresso_7.3.0_186/lpcxpresso/tools/bin/../lib/gcc/arm-none-eabi/4.8.4/../../../../arm-none-eabi/lib/armv7-m\libcr_c.a(ftell.o)
 .ARM.attributes
                0x000007f8       0x33 c:/nxp/lpcxpresso_7.3.0_186/lpcxpresso/tools/bin/../lib/gcc/arm-none-eabi/4.8.4/../../../../arm-none-eabi/lib/armv7-m\libcr_c.a(remove.o)
 .ARM.attributes
                0x0000082b       0x33 c:/nxp/lpcxpresso_7.3.0_186/lpcxpresso/tools/bin/../lib/gcc/arm-none-eabi/4.8.4/../../../../arm-none-eabi/lib/armv7-m\libcr_c.a(_cr_check_heap.o)
 .ARM.attributes
                0x0000085e       0x33 c:/nxp/lpcxpresso_7.3.0_186/lpcxpresso/tools/bin/../lib/gcc/arm-none-eabi/4.8.4/../../../../arm-none-eabi/lib/armv7-m\libcr_c.a(_do_fflush.o)
 .ARM.attributes
                0x00000891       0x33 c:/nxp/lpcxpresso_7.3.0_186/lpcxpresso/tools/bin/../lib/gcc/arm-none-eabi/4.8.4/armv7-m\libcr_eabihelpers.a(double.o)
 .ARM.attributes
                0x000008c4       0x21 c:/nxp/lpcxpresso_7.3.0_186/lpcxpresso/tools/bin/../lib/gcc/arm-none-eabi/4.8.4/armv7-m\libcr_eabihelpers.a(memcpy.o)
 .ARM.attributes
                0x000008e5       0x21 c:/nxp/lpcxpresso_7.3.0_186/lpcxpresso/tools/bin/../lib/gcc/arm-none-eabi/4.8.4/../../../../arm-none-eabi/lib/armv7-m\libcr_semihost.a(__sys_appexit.o)
 .ARM.attributes
                0x00000906       0x21 c:/nxp/lpcxpresso_7.3.0_186/lpcxpresso/tools/bin/../lib/gcc/arm-none-eabi/4.8.4/../../../../arm-none-eabi/lib/armv7-m\libcr_semihost.a(__sys_close.o)
 .ARM.attributes
                0x00000927       0x21 c:/nxp/lpcxpresso_7.3.0_186/lpcxpresso/tools/bin/../lib/gcc/arm-none-eabi/4.8.4/../../../../arm-none-eabi/lib/armv7-m\libcr_semihost.a(__sys_flen.o)
 .ARM.attributes
                0x00000948       0x21 c:/nxp/lpcxpresso_7.3.0_186/lpcxpresso/tools/bin/../lib/gcc/arm-none-eabi/4.8.4/../../../../arm-none-eabi/lib/armv7-m\libcr_semihost.a(__sys_istty.o)
 .ARM.attributes
                0x00000969       0x21 c:/nxp/lpcxpresso_7.3.0_186/lpcxpresso/tools/bin/../lib/gcc/arm-none-eabi/4.8.4/../../../../arm-none-eabi/lib/armv7-m\libcr_semihost.a(__sys_remove.o)
 .ARM.attributes
                0x0000098a       0x21 c:/nxp/lpcxpresso_7.3.0_186/lpcxpresso/tools/bin/../lib/gcc/arm-none-eabi/4.8.4/../../../../arm-none-eabi/lib/armv7-m\libcr_semihost.a(__sys_seek.o)
 .ARM.attributes
                0x000009ab       0x21 c:/nxp/lpcxpresso_7.3.0_186/lpcxpresso/tools/bin/../lib/gcc/arm-none-eabi/4.8.4/../../../../arm-none-eabi/lib/armv7-m\libcr_semihost.a(__sys_time.o)
 .ARM.attributes
                0x000009cc       0x21 c:/nxp/lpcxpresso_7.3.0_186/lpcxpresso/tools/bin/../lib/gcc/arm-none-eabi/4.8.4/../../../../arm-none-eabi/lib/armv7-m\libcr_semihost.a(__sys_tmpnam.o)
 .ARM.attributes
                0x000009ed       0x21 c:/nxp/lpcxpresso_7.3.0_186/lpcxpresso/tools/bin/../lib/gcc/arm-none-eabi/4.8.4/../../../../arm-none-eabi/lib/armv7-m\libcr_semihost.a(__sys_write.o)

.debug_frame    0x00000000      0x5dc
 .debug_frame   0x00000000       0x28 ./src/Alarm.o
 .debug_frame   0x00000028       0x90 ./src/ProjWek.o
 .debug_frame   0x000000b8       0x50 ./src/RC5.o
 .debug_frame   0x00000108       0x3c ./src/RIT.o
 .debug_frame   0x00000144      0x144 ./src/RTC.o
 .debug_frame   0x00000288       0xf4 ./src/cr_startup_lpc175x_6x.o
 .debug_frame   0x0000037c       0xc8 ./src/display.o
 .debug_frame   0x00000444       0x7c ./src/somGenerator.o
 .debug_frame   0x000004c0       0x6c ./src/states.o
 .debug_frame   0x0000052c       0xb0 ./src/timer.o
